Command line invocation:
    /Applications/Xcode.app/Contents/Developer/usr/bin/xcodebuild -scheme HeadlessBridge -destination generic/platform=iOS build

Resolve Package Graph


Resolved source packages:
  swift-collections: https://github.com/apple/swift-collections.git @ 1.3.0
  Citadel: https://github.com/orlandos-nl/Citadel.git @ 0.12.0
  swift-nio-ssh: https://github.com/Joannis/swift-nio-ssh.git @ 0.3.5
  swift-system: https://github.com/apple/swift-system.git @ 1.6.4
  swift-log: https://github.com/apple/swift-log.git @ 1.10.1
  swift-atomics: https://github.com/apple/swift-atomics.git @ 1.3.0
  BigInt: https://github.com/attaswift/BigInt.git @ 5.7.0
  swift-asn1: https://github.com/apple/swift-asn1.git @ 1.5.1
  swift-crypto: https://github.com/apple/swift-crypto.git @ 3.15.1
  swift-nio: https://github.com/apple/swift-nio.git @ 2.95.0

2026-03-08 23:25:55.639 xcodebuild[84975:2447858] [MT] IDERunDestination: Supported platforms for the buildables in the current scheme is empty.
ComputePackagePrebuildTargetDependencyGraph

Prepare packages

CreateBuildRequest

SendProjectDescription

CreateBuildOperation

ComputeTargetDependencyGraph
note: Building targets in dependency order
note: Target dependency graph (49 targets)
    Target 'HeadlessBridge' in project 'HeadlessBridge'
        ➜ Explicit dependency on target 'Citadel' in project 'Citadel'
    Target 'Citadel' in project 'Citadel'
        ➜ Explicit dependency on target 'Citadel' in project 'Citadel'
        ➜ Explicit dependency on target 'CCitadelBcrypt' in project 'Citadel'
        ➜ Explicit dependency on target 'NIOSSH' in project 'swift-nio-ssh'
        ➜ Explicit dependency on target 'Crypto' in project 'swift-crypto'
        ➜ Explicit dependency on target '_CryptoExtras' in project 'swift-crypto'
        ➜ Explicit dependency on target 'BigInt' in project 'BigInt'
        ➜ Explicit dependency on target 'Logging' in project 'swift-log'
    Target 'Citadel' in project 'Citadel'
        ➜ Explicit dependency on target 'CCitadelBcrypt' in project 'Citadel'
        ➜ Explicit dependency on target 'NIOSSH' in project 'swift-nio-ssh'
        ➜ Explicit dependency on target 'Crypto' in project 'swift-crypto'
        ➜ Explicit dependency on target '_CryptoExtras' in project 'swift-crypto'
        ➜ Explicit dependency on target 'BigInt' in project 'BigInt'
        ➜ Explicit dependency on target 'Logging' in project 'swift-log'
    Target 'Logging' in project 'swift-log'
        ➜ Explicit dependency on target 'Logging' in project 'swift-log'
    Target 'Logging' in project 'swift-log' (no dependencies)
    Target 'BigInt' in project 'BigInt'
        ➜ Explicit dependency on target 'BigInt' in project 'BigInt'
    Target 'BigInt' in project 'BigInt' (no dependencies)
    Target '_CryptoExtras' in project 'swift-crypto'
        ➜ Explicit dependency on target '_CryptoExtras' in project 'swift-crypto'
        ➜ Explicit dependency on target 'swift-crypto__CryptoExtras' in project 'swift-crypto'
        ➜ Explicit dependency on target 'CCryptoBoringSSL' in project 'swift-crypto'
        ➜ Explicit dependency on target 'CCryptoBoringSSLShims' in project 'swift-crypto'
        ➜ Explicit dependency on target 'CryptoBoringWrapper' in project 'swift-crypto'
        ➜ Explicit dependency on target 'Crypto' in project 'swift-crypto'
        ➜ Explicit dependency on target 'SwiftASN1' in project 'swift-asn1'
    Target '_CryptoExtras' in project 'swift-crypto'
        ➜ Explicit dependency on target 'swift-crypto__CryptoExtras' in project 'swift-crypto'
        ➜ Explicit dependency on target 'CCryptoBoringSSL' in project 'swift-crypto'
        ➜ Explicit dependency on target 'CCryptoBoringSSLShims' in project 'swift-crypto'
        ➜ Explicit dependency on target 'CryptoBoringWrapper' in project 'swift-crypto'
        ➜ Explicit dependency on target 'Crypto' in project 'swift-crypto'
        ➜ Explicit dependency on target 'SwiftASN1' in project 'swift-asn1'
    Target 'SwiftASN1' in project 'swift-asn1'
        ➜ Explicit dependency on target 'SwiftASN1' in project 'swift-asn1'
    Target 'SwiftASN1' in project 'swift-asn1' (no dependencies)
    Target 'CryptoBoringWrapper' in project 'swift-crypto'
        ➜ Explicit dependency on target 'swift-crypto_CryptoBoringWrapper' in project 'swift-crypto'
        ➜ Explicit dependency on target 'CCryptoBoringSSL' in project 'swift-crypto'
        ➜ Explicit dependency on target 'CCryptoBoringSSLShims' in project 'swift-crypto'
    Target 'swift-crypto_CryptoBoringWrapper' in project 'swift-crypto' (no dependencies)
    Target 'CCryptoBoringSSLShims' in project 'swift-crypto'
        ➜ Explicit dependency on target 'swift-crypto_CCryptoBoringSSLShims' in project 'swift-crypto'
        ➜ Explicit dependency on target 'CCryptoBoringSSL' in project 'swift-crypto'
    Target 'swift-crypto_CCryptoBoringSSLShims' in project 'swift-crypto' (no dependencies)
    Target 'CCryptoBoringSSL' in project 'swift-crypto'
        ➜ Explicit dependency on target 'swift-crypto_CCryptoBoringSSL' in project 'swift-crypto'
    Target 'swift-crypto_CCryptoBoringSSL' in project 'swift-crypto' (no dependencies)
    Target 'swift-crypto__CryptoExtras' in project 'swift-crypto' (no dependencies)
    Target 'NIOSSH' in project 'swift-nio-ssh'
        ➜ Explicit dependency on target 'NIOSSH' in project 'swift-nio-ssh'
        ➜ Explicit dependency on target 'NIOCore' in project 'swift-nio'
        ➜ Explicit dependency on target 'NIOConcurrencyHelpers' in project 'swift-nio'
        ➜ Explicit dependency on target 'NIOFoundationCompat' in project 'swift-nio'
        ➜ Explicit dependency on target 'Crypto' in project 'swift-crypto'
        ➜ Explicit dependency on target 'Atomics' in project 'swift-atomics'
    Target 'NIOSSH' in project 'swift-nio-ssh'
        ➜ Explicit dependency on target 'NIOCore' in project 'swift-nio'
        ➜ Explicit dependency on target 'NIOConcurrencyHelpers' in project 'swift-nio'
        ➜ Explicit dependency on target 'NIOFoundationCompat' in project 'swift-nio'
        ➜ Explicit dependency on target 'Crypto' in project 'swift-crypto'
        ➜ Explicit dependency on target 'Atomics' in project 'swift-atomics'
    Target 'Crypto' in project 'swift-crypto'
        ➜ Explicit dependency on target 'Crypto' in project 'swift-crypto'
        ➜ Explicit dependency on target 'swift-crypto_Crypto' in project 'swift-crypto'
    Target 'Crypto' in project 'swift-crypto'
        ➜ Explicit dependency on target 'swift-crypto_Crypto' in project 'swift-crypto'
    Target 'swift-crypto_Crypto' in project 'swift-crypto' (no dependencies)
    Target 'NIOFoundationCompat' in project 'swift-nio'
        ➜ Explicit dependency on target 'NIOFoundationCompat' in project 'swift-nio'
        ➜ Explicit dependency on target 'CNIOAtomics' in project 'swift-nio'
        ➜ Explicit dependency on target 'NIOConcurrencyHelpers' in project 'swift-nio'
        ➜ Explicit dependency on target '_NIOBase64' in project 'swift-nio'
        ➜ Explicit dependency on target 'CNIOOpenBSD' in project 'swift-nio'
        ➜ Explicit dependency on target 'CNIODarwin' in project 'swift-nio'
        ➜ Explicit dependency on target 'CNIOLinux' in project 'swift-nio'
        ➜ Explicit dependency on target 'CNIOWindows' in project 'swift-nio'
        ➜ Explicit dependency on target 'CNIOWASI' in project 'swift-nio'
        ➜ Explicit dependency on target '_NIODataStructures' in project 'swift-nio'
        ➜ Explicit dependency on target 'NIOCore' in project 'swift-nio'
        ➜ Explicit dependency on target 'NIOEmbedded' in project 'swift-nio'
        ➜ Explicit dependency on target 'CNIOPosix' in project 'swift-nio'
        ➜ Explicit dependency on target 'NIOPosix' in project 'swift-nio'
        ➜ Explicit dependency on target 'NIO' in project 'swift-nio'
        ➜ Explicit dependency on target 'DequeModule' in project 'swift-collections'
        ➜ Explicit dependency on target 'Atomics' in project 'swift-atomics'
    Target 'NIOFoundationCompat' in project 'swift-nio'
        ➜ Explicit dependency on target 'CNIOAtomics' in project 'swift-nio'
        ➜ Explicit dependency on target 'NIOConcurrencyHelpers' in project 'swift-nio'
        ➜ Explicit dependency on target '_NIOBase64' in project 'swift-nio'
        ➜ Explicit dependency on target 'CNIOOpenBSD' in project 'swift-nio'
        ➜ Explicit dependency on target 'CNIODarwin' in project 'swift-nio'
        ➜ Explicit dependency on target 'CNIOLinux' in project 'swift-nio'
        ➜ Explicit dependency on target 'CNIOWindows' in project 'swift-nio'
        ➜ Explicit dependency on target 'CNIOWASI' in project 'swift-nio'
        ➜ Explicit dependency on target '_NIODataStructures' in project 'swift-nio'
        ➜ Explicit dependency on target 'NIOCore' in project 'swift-nio'
        ➜ Explicit dependency on target 'NIOEmbedded' in project 'swift-nio'
        ➜ Explicit dependency on target 'CNIOPosix' in project 'swift-nio'
        ➜ Explicit dependency on target 'NIOPosix' in project 'swift-nio'
        ➜ Explicit dependency on target 'NIO' in project 'swift-nio'
        ➜ Explicit dependency on target 'DequeModule' in project 'swift-collections'
        ➜ Explicit dependency on target 'Atomics' in project 'swift-atomics'
    Target 'NIO' in project 'swift-nio'
        ➜ Explicit dependency on target 'CNIOAtomics' in project 'swift-nio'
        ➜ Explicit dependency on target 'NIOConcurrencyHelpers' in project 'swift-nio'
        ➜ Explicit dependency on target '_NIOBase64' in project 'swift-nio'
        ➜ Explicit dependency on target 'CNIOOpenBSD' in project 'swift-nio'
        ➜ Explicit dependency on target 'CNIODarwin' in project 'swift-nio'
        ➜ Explicit dependency on target 'CNIOLinux' in project 'swift-nio'
        ➜ Explicit dependency on target 'CNIOWindows' in project 'swift-nio'
        ➜ Explicit dependency on target 'CNIOWASI' in project 'swift-nio'
        ➜ Explicit dependency on target '_NIODataStructures' in project 'swift-nio'
        ➜ Explicit dependency on target 'NIOCore' in project 'swift-nio'
        ➜ Explicit dependency on target 'NIOEmbedded' in project 'swift-nio'
        ➜ Explicit dependency on target 'CNIOPosix' in project 'swift-nio'
        ➜ Explicit dependency on target 'NIOPosix' in project 'swift-nio'
        ➜ Explicit dependency on target 'DequeModule' in project 'swift-collections'
        ➜ Explicit dependency on target 'Atomics' in project 'swift-atomics'
    Target 'NIOPosix' in project 'swift-nio'
        ➜ Explicit dependency on target 'swift-nio_NIOPosix' in project 'swift-nio'
        ➜ Explicit dependency on target 'CNIOOpenBSD' in project 'swift-nio'
        ➜ Explicit dependency on target 'CNIOLinux' in project 'swift-nio'
        ➜ Explicit dependency on target 'CNIODarwin' in project 'swift-nio'
        ➜ Explicit dependency on target 'CNIOWindows' in project 'swift-nio'
        ➜ Explicit dependency on target 'CNIOAtomics' in project 'swift-nio'
        ➜ Explicit dependency on target 'NIOConcurrencyHelpers' in project 'swift-nio'
        ➜ Explicit dependency on target '_NIOBase64' in project 'swift-nio'
        ➜ Explicit dependency on target 'CNIOWASI' in project 'swift-nio'
        ➜ Explicit dependency on target '_NIODataStructures' in project 'swift-nio'
        ➜ Explicit dependency on target 'NIOCore' in project 'swift-nio'
        ➜ Explicit dependency on target 'CNIOPosix' in project 'swift-nio'
        ➜ Explicit dependency on target 'DequeModule' in project 'swift-collections'
        ➜ Explicit dependency on target 'Atomics' in project 'swift-atomics'
    Target 'swift-nio_NIOPosix' in project 'swift-nio' (no dependencies)
    Target 'CNIOPosix' in project 'swift-nio' (no dependencies)
    Target 'NIOEmbedded' in project 'swift-nio'
        ➜ Explicit dependency on target 'CNIOAtomics' in project 'swift-nio'
        ➜ Explicit dependency on target 'NIOConcurrencyHelpers' in project 'swift-nio'
        ➜ Explicit dependency on target '_NIOBase64' in project 'swift-nio'
        ➜ Explicit dependency on target 'CNIOOpenBSD' in project 'swift-nio'
        ➜ Explicit dependency on target 'CNIODarwin' in project 'swift-nio'
        ➜ Explicit dependency on target 'CNIOLinux' in project 'swift-nio'
        ➜ Explicit dependency on target 'CNIOWindows' in project 'swift-nio'
        ➜ Explicit dependency on target 'CNIOWASI' in project 'swift-nio'
        ➜ Explicit dependency on target '_NIODataStructures' in project 'swift-nio'
        ➜ Explicit dependency on target 'NIOCore' in project 'swift-nio'
        ➜ Explicit dependency on target 'DequeModule' in project 'swift-collections'
        ➜ Explicit dependency on target 'Atomics' in project 'swift-atomics'
    Target 'NIOConcurrencyHelpers' in project 'swift-nio'
        ➜ Explicit dependency on target 'NIOConcurrencyHelpers' in project 'swift-nio'
        ➜ Explicit dependency on target 'CNIOAtomics' in project 'swift-nio'
    Target 'NIOCore' in project 'swift-nio'
        ➜ Explicit dependency on target 'NIOCore' in project 'swift-nio'
        ➜ Explicit dependency on target 'CNIOAtomics' in project 'swift-nio'
        ➜ Explicit dependency on target 'NIOConcurrencyHelpers' in project 'swift-nio'
        ➜ Explicit dependency on target '_NIOBase64' in project 'swift-nio'
        ➜ Explicit dependency on target 'CNIOOpenBSD' in project 'swift-nio'
        ➜ Explicit dependency on target 'CNIODarwin' in project 'swift-nio'
        ➜ Explicit dependency on target 'CNIOLinux' in project 'swift-nio'
        ➜ Explicit dependency on target 'CNIOWindows' in project 'swift-nio'
        ➜ Explicit dependency on target 'CNIOWASI' in project 'swift-nio'
        ➜ Explicit dependency on target '_NIODataStructures' in project 'swift-nio'
        ➜ Explicit dependency on target 'DequeModule' in project 'swift-collections'
        ➜ Explicit dependency on target 'Atomics' in project 'swift-atomics'
    Target 'NIOCore' in project 'swift-nio'
        ➜ Explicit dependency on target 'CNIOAtomics' in project 'swift-nio'
        ➜ Explicit dependency on target 'NIOConcurrencyHelpers' in project 'swift-nio'
        ➜ Explicit dependency on target '_NIOBase64' in project 'swift-nio'
        ➜ Explicit dependency on target 'CNIOOpenBSD' in project 'swift-nio'
        ➜ Explicit dependency on target 'CNIODarwin' in project 'swift-nio'
        ➜ Explicit dependency on target 'CNIOLinux' in project 'swift-nio'
        ➜ Explicit dependency on target 'CNIOWindows' in project 'swift-nio'
        ➜ Explicit dependency on target 'CNIOWASI' in project 'swift-nio'
        ➜ Explicit dependency on target '_NIODataStructures' in project 'swift-nio'
        ➜ Explicit dependency on target 'DequeModule' in project 'swift-collections'
        ➜ Explicit dependency on target 'Atomics' in project 'swift-atomics'
    Target 'Atomics' in project 'swift-atomics'
        ➜ Explicit dependency on target 'Atomics' in project 'swift-atomics'
        ➜ Explicit dependency on target '_AtomicsShims' in project 'swift-atomics'
    Target 'Atomics' in project 'swift-atomics'
        ➜ Explicit dependency on target '_AtomicsShims' in project 'swift-atomics'
    Target '_AtomicsShims' in project 'swift-atomics' (no dependencies)
    Target 'DequeModule' in project 'swift-collections'
        ➜ Explicit dependency on target 'DequeModule' in project 'swift-collections'
        ➜ Explicit dependency on target 'InternalCollectionsUtilities' in project 'swift-collections'
    Target 'DequeModule' in project 'swift-collections'
        ➜ Explicit dependency on target 'InternalCollectionsUtilities' in project 'swift-collections'
    Target 'InternalCollectionsUtilities' in project 'swift-collections' (no dependencies)
    Target '_NIODataStructures' in project 'swift-nio' (no dependencies)
    Target 'CNIOWASI' in project 'swift-nio' (no dependencies)
    Target 'CNIOWindows' in project 'swift-nio' (no dependencies)
    Target 'CNIOLinux' in project 'swift-nio' (no dependencies)
    Target 'CNIODarwin' in project 'swift-nio' (no dependencies)
    Target 'CNIOOpenBSD' in project 'swift-nio' (no dependencies)
    Target '_NIOBase64' in project 'swift-nio' (no dependencies)
    Target 'NIOConcurrencyHelpers' in project 'swift-nio'
        ➜ Explicit dependency on target 'CNIOAtomics' in project 'swift-nio'
    Target 'CNIOAtomics' in project 'swift-nio' (no dependencies)
    Target 'CCitadelBcrypt' in project 'Citadel' (no dependencies)

GatherProvisioningInputs

CreateBuildDescription

ClangStatCache /Applications/Xcode.app/Contents/Developer/Toolchains/XcodeDefault.xctoolchain/usr/bin/clang-stat-cache /Applications/Xcode.app/Contents/Developer/Platforms/iPhoneOS.platform/Developer/SDKs/iPhoneOS26.2.sdk /Users/ryanchang/Library/Developer/Xcode/DerivedData/SDKStatCaches.noindex/iphoneos26.2-23C53-3794476bd08197c3e2abd9bb477ef7f7.sdkstatcache
    cd /Users/ryanchang/MacMiniSSD/VibeCodingApp/HeadlessBridge/HeadlessBridge.xcodeproj
    /Applications/Xcode.app/Contents/Developer/Toolchains/XcodeDefault.xctoolchain/usr/bin/clang-stat-cache /Applications/Xcode.app/Contents/Developer/Platforms/iPhoneOS.platform/Developer/SDKs/iPhoneOS26.2.sdk -o /Users/ryanchang/Library/Developer/Xcode/DerivedData/SDKStatCaches.noindex/iphoneos26.2-23C53-3794476bd08197c3e2abd9bb477ef7f7.sdkstatcache

SwiftDriver NIOPosix normal arm64 com.apple.xcode.tools.swift.compiler (in target 'NIOPosix' from project 'swift-nio')
    cd /Users/ryanchang/MacMiniSSD/VibeCodingApp/HeadlessBridge/HeadlessBridge.xcodeproj
    builtin-SwiftDriver -- /Applications/Xcode.app/Contents/Developer/Toolchains/XcodeDefault.xctoolchain/usr/bin/swiftc -module-name NIOPosix -Onone -enforce-exclusivity\=checked @/Users/ryanchang/Library/Developer/Xcode/DerivedData/HeadlessBridge-baiupzqccbbvpiebwelmalirhbnp/Build/Intermediates.noindex/swift-nio.build/Debug-iphoneos/NIOPosix.build/Objects-normal/arm64/NIOPosix.SwiftFileList -DSWIFT_PACKAGE -DDEBUG -DSWIFT_MODULE_RESOURCE_BUNDLE_AVAILABLE -Xcc -fmodule-map-file\=/Users/ryanchang/Library/Developer/Xcode/DerivedData/HeadlessBridge-baiupzqccbbvpiebwelmalirhbnp/Build/Intermediates.noindex/GeneratedModuleMaps-iphoneos/CNIOPosix.modulemap -Xcc -fmodule-map-file\=/Users/ryanchang/Library/Developer/Xcode/DerivedData/HeadlessBridge-baiupzqccbbvpiebwelmalirhbnp/Build/Intermediates.noindex/GeneratedModuleMaps-iphoneos/CNIOWASI.modulemap -Xcc -fmodule-map-file\=/Users/ryanchang/Library/Developer/Xcode/DerivedData/HeadlessBridge-baiupzqccbbvpiebwelmalirhbnp/Build/Intermediates.noindex/GeneratedModuleMaps-iphoneos/CNIOAtomics.modulemap -Xcc -fmodule-map-file\=/Users/ryanchang/Library/Developer/Xcode/DerivedData/HeadlessBridge-baiupzqccbbvpiebwelmalirhbnp/Build/Intermediates.noindex/GeneratedModuleMaps-iphoneos/CNIODarwin.modulemap -Xcc -fmodule-map-file\=/Users/ryanchang/Library/Developer/Xcode/DerivedData/HeadlessBridge-baiupzqccbbvpiebwelmalirhbnp/Build/Intermediates.noindex/GeneratedModuleMaps-iphoneos/CNIOLinux.modulemap -Xcc -fmodule-map-file\=/Users/ryanchang/Library/Developer/Xcode/DerivedData/HeadlessBridge-baiupzqccbbvpiebwelmalirhbnp/Build/Intermediates.noindex/GeneratedModuleMaps-iphoneos/CNIOOpenBSD.modulemap -DXcode -enable-experimental-feature Lifetimes -enable-upcoming-feature MemberImportVisibility -plugin-path /Applications/Xcode.app/Contents/Developer/Toolchains/XcodeDefault.xctoolchain/usr/lib/swift/host/plugins/testing -enable-experimental-feature DebugDescriptionMacro -sdk /Applications/Xcode.app/Contents/Developer/Platforms/iPhoneOS.platform/Developer/SDKs/iPhoneOS26.2.sdk -target arm64-apple-ios12.0 -g -module-cache-path /Users/ryanchang/Library/Developer/Xcode/DerivedData/ModuleCache.noindex -Xfrontend -serialize-debugging-options -enable-testing -suppress-warnings -index-store-path /Users/ryanchang/Library/Developer/Xcode/DerivedData/HeadlessBridge-baiupzqccbbvpiebwelmalirhbnp/Index.noindex/DataStore -Xcc -D_LIBCPP_HARDENING_MODE\=_LIBCPP_HARDENING_MODE_DEBUG -swift-version 6 -I /Users/ryanchang/Library/Developer/Xcode/DerivedData/HeadlessBridge-baiupzqccbbvpiebwelmalirhbnp/Build/Products/Debug-iphoneos -Isystem /Applications/Xcode.app/Contents/Developer/Platforms/iPhoneOS.platform/Developer/usr/lib -F /Users/ryanchang/Library/Developer/Xcode/DerivedData/HeadlessBridge-baiupzqccbbvpiebwelmalirhbnp/Build/Products/Debug-iphoneos/PackageFrameworks -F /Users/ryanchang/Library/Developer/Xcode/DerivedData/HeadlessBridge-baiupzqccbbvpiebwelmalirhbnp/Build/Products/Debug-iphoneos/PackageFrameworks -F /Users/ryanchang/Library/Developer/Xcode/DerivedData/HeadlessBridge-baiupzqccbbvpiebwelmalirhbnp/Build/Products/Debug-iphoneos/PackageFrameworks -F /Users/ryanchang/Library/Developer/Xcode/DerivedData/HeadlessBridge-baiupzqccbbvpiebwelmalirhbnp/Build/Products/Debug-iphoneos/PackageFrameworks -F /Users/ryanchang/Library/Developer/Xcode/DerivedData/HeadlessBridge-baiupzqccbbvpiebwelmalirhbnp/Build/Products/Debug-iphoneos/PackageFrameworks -F /Users/ryanchang/Library/Developer/Xcode/DerivedData/HeadlessBridge-baiupzqccbbvpiebwelmalirhbnp/Build/Products/Debug-iphoneos/PackageFrameworks -F /Users/ryanchang/Library/Developer/Xcode/DerivedData/HeadlessBridge-baiupzqccbbvpiebwelmalirhbnp/Build/Products/Debug-iphoneos/PackageFrameworks -F /Users/ryanchang/Library/Developer/Xcode/DerivedData/HeadlessBridge-baiupzqccbbvpiebwelmalirhbnp/Build/Products/Debug-iphoneos/PackageFrameworks -F /Users/ryanchang/Library/Developer/Xcode/DerivedData/HeadlessBridge-baiupzqccbbvpiebwelmalirhbnp/Build/Products/Debug-iphoneos/PackageFrameworks -F /Users/ryanchang/Library/Developer/Xcode/DerivedData/HeadlessBridge-baiupzqccbbvpiebwelmalirhbnp/Build/Products/Debug-iphoneos/PackageFrameworks -F /Users/ryanchang/Library/Developer/Xcode/DerivedData/HeadlessBridge-baiupzqccbbvpiebwelmalirhbnp/Build/Products/Debug-iphoneos/PackageFrameworks -F /Users/ryanchang/Library/Developer/Xcode/DerivedData/HeadlessBridge-baiupzqccbbvpiebwelmalirhbnp/Build/Products/Debug-iphoneos/PackageFrameworks -F /Users/ryanchang/Library/Developer/Xcode/DerivedData/HeadlessBridge-baiupzqccbbvpiebwelmalirhbnp/Build/Products/Debug-iphoneos/PackageFrameworks -F /Users/ryanchang/Library/Developer/Xcode/DerivedData/HeadlessBridge-baiupzqccbbvpiebwelmalirhbnp/Build/Products/Debug-iphoneos/PackageFrameworks -F /Users/ryanchang/Library/Developer/Xcode/DerivedData/HeadlessBridge-baiupzqccbbvpiebwelmalirhbnp/Build/Products/Debug-iphoneos/PackageFrameworks -F /Users/ryanchang/Library/Developer/Xcode/DerivedData/HeadlessBridge-baiupzqccbbvpiebwelmalirhbnp/Build/Products/Debug-iphoneos -F /Applications/Xcode.app/Contents/Developer/Platforms/iPhoneOS.platform/Developer/Library/Frameworks -F /Applications/Xcode.app/Contents/Developer/Platforms/iPhoneOS.platform/Developer/SDKs/iPhoneOS26.2.sdk/Developer/Library/Frameworks -c -j10 -enable-batch-mode -incremental -Xcc -ivfsstatcache -Xcc /Users/ryanchang/Library/Developer/Xcode/DerivedData/SDKStatCaches.noindex/iphoneos26.2-23C53-3794476bd08197c3e2abd9bb477ef7f7.sdkstatcache -output-file-map /Users/ryanchang/Library/Developer/Xcode/DerivedData/HeadlessBridge-baiupzqccbbvpiebwelmalirhbnp/Build/Intermediates.noindex/swift-nio.build/Debug-iphoneos/NIOPosix.build/Objects-normal/arm64/NIOPosix-OutputFileMap.json -use-frontend-parseable-output -save-temps -no-color-diagnostics -explicit-module-build -module-cache-path /Users/ryanchang/Library/Developer/Xcode/DerivedData/HeadlessBridge-baiupzqccbbvpiebwelmalirhbnp/Build/Intermediates.noindex/SwiftExplicitPrecompiledModules -clang-scanner-module-cache-path /Users/ryanchang/Library/Developer/Xcode/DerivedData/ModuleCache.noindex -sdk-module-cache-path /Users/ryanchang/Library/Developer/Xcode/DerivedData/ModuleCache.noindex -serialize-diagnostics -emit-dependencies -emit-module -emit-module-path /Users/ryanchang/Library/Developer/Xcode/DerivedData/HeadlessBridge-baiupzqccbbvpiebwelmalirhbnp/Build/Intermediates.noindex/swift-nio.build/Debug-iphoneos/NIOPosix.build/Objects-normal/arm64/NIOPosix.swiftmodule -user-module-version 2.95.0 -validate-clang-modules-once -clang-build-session-file /Users/ryanchang/Library/Developer/Xcode/DerivedData/ModuleCache.noindex/Session.modulevalidation -package-name swift_nio -Xcc -I/Users/ryanchang/Library/Developer/Xcode/DerivedData/HeadlessBridge-baiupzqccbbvpiebwelmalirhbnp/Build/Intermediates.noindex/swift-nio.build/Debug-iphoneos/NIOPosix.build/swift-overrides.hmap -emit-const-values -Xfrontend -const-gather-protocols-file -Xfrontend /Users/ryanchang/Library/Developer/Xcode/DerivedData/HeadlessBridge-baiupzqccbbvpiebwelmalirhbnp/Build/Intermediates.noindex/swift-nio.build/Debug-iphoneos/NIOPosix.build/Objects-normal/arm64/NIOPosix_const_extract_protocols.json -Xcc -I/Users/ryanchang/Library/Developer/Xcode/DerivedData/HeadlessBridge-baiupzqccbbvpiebwelmalirhbnp/SourcePackages/checkouts/swift-atomics/Sources/_AtomicsShims/include -Xcc -I/Users/ryanchang/Library/Developer/Xcode/DerivedData/HeadlessBridge-baiupzqccbbvpiebwelmalirhbnp/SourcePackages/checkouts/swift-nio/Sources/CNIOPosix/include -Xcc -I/Users/ryanchang/Library/Developer/Xcode/DerivedData/HeadlessBridge-baiupzqccbbvpiebwelmalirhbnp/SourcePackages/checkouts/swift-nio/Sources/CNIOWASI/include -Xcc -I/Users/ryanchang/Library/Developer/Xcode/DerivedData/HeadlessBridge-baiupzqccbbvpiebwelmalirhbnp/SourcePackages/checkouts/swift-nio/Sources/CNIOAtomics/include -Xcc -I/Users/ryanchang/Library/Developer/Xcode/DerivedData/HeadlessBridge-baiupzqccbbvpiebwelmalirhbnp/SourcePackages/checkouts/swift-nio/Sources/CNIOWindows/include -Xcc -I/Users/ryanchang/Library/Developer/Xcode/DerivedData/HeadlessBridge-baiupzqccbbvpiebwelmalirhbnp/SourcePackages/checkouts/swift-nio/Sources/CNIODarwin/include -Xcc -I/Users/ryanchang/Library/Developer/Xcode/DerivedData/HeadlessBridge-baiupzqccbbvpiebwelmalirhbnp/SourcePackages/checkouts/swift-nio/Sources/CNIOLinux/include -Xcc -I/Users/ryanchang/Library/Developer/Xcode/DerivedData/HeadlessBridge-baiupzqccbbvpiebwelmalirhbnp/SourcePackages/checkouts/swift-nio/Sources/CNIOOpenBSD/include -Xcc -I/Users/ryanchang/Library/Developer/Xcode/DerivedData/HeadlessBridge-baiupzqccbbvpiebwelmalirhbnp/Build/Products/Debug-iphoneos/include -Xcc -I/Users/ryanchang/Library/Developer/Xcode/DerivedData/HeadlessBridge-baiupzqccbbvpiebwelmalirhbnp/Build/Intermediates.noindex/swift-nio.build/Debug-iphoneos/NIOPosix.build/DerivedSources-normal/arm64 -Xcc -I/Users/ryanchang/Library/Developer/Xcode/DerivedData/HeadlessBridge-baiupzqccbbvpiebwelmalirhbnp/Build/Intermediates.noindex/swift-nio.build/Debug-iphoneos/NIOPosix.build/DerivedSources/arm64 -Xcc -I/Users/ryanchang/Library/Developer/Xcode/DerivedData/HeadlessBridge-baiupzqccbbvpiebwelmalirhbnp/Build/Intermediates.noindex/swift-nio.build/Debug-iphoneos/NIOPosix.build/DerivedSources -Xcc -DSWIFT_PACKAGE -Xcc -DDEBUG\=1 -emit-objc-header -emit-objc-header-path /Users/ryanchang/Library/Developer/Xcode/DerivedData/HeadlessBridge-baiupzqccbbvpiebwelmalirhbnp/Build/Intermediates.noindex/swift-nio.build/Debug-iphoneos/NIOPosix.build/Objects-normal/arm64/NIOPosix-Swift.h -working-directory /Users/ryanchang/MacMiniSSD/VibeCodingApp/HeadlessBridge/HeadlessBridge.xcodeproj -experimental-emit-module-separately -disable-cmo

SwiftCompile normal arm64 Compiling\ NonBlockingFileIO.swift /Users/ryanchang/Library/Developer/Xcode/DerivedData/HeadlessBridge-baiupzqccbbvpiebwelmalirhbnp/SourcePackages/checkouts/swift-nio/Sources/NIOPosix/NonBlockingFileIO.swift (in target 'NIOPosix' from project 'swift-nio')

SwiftCompile normal arm64 /Users/ryanchang/Library/Developer/Xcode/DerivedData/HeadlessBridge-baiupzqccbbvpiebwelmalirhbnp/SourcePackages/checkouts/swift-nio/Sources/NIOPosix/NonBlockingFileIO.swift (in target 'NIOPosix' from project 'swift-nio')
    cd /Users/ryanchang/MacMiniSSD/VibeCodingApp/HeadlessBridge/HeadlessBridge.xcodeproj
    

SwiftEmitModule normal arm64 Emitting\ module\ for\ NIOPosix (in target 'NIOPosix' from project 'swift-nio')

EmitSwiftModule normal arm64 (in target 'NIOPosix' from project 'swift-nio')
    cd /Users/ryanchang/MacMiniSSD/VibeCodingApp/HeadlessBridge/HeadlessBridge.xcodeproj
    

SwiftDriverJobDiscovery normal arm64 Emitting module for NIOPosix (in target 'NIOPosix' from project 'swift-nio')

SwiftDriver\ Compilation\ Requirements NIOPosix normal arm64 com.apple.xcode.tools.swift.compiler (in target 'NIOPosix' from project 'swift-nio')
    cd /Users/ryanchang/MacMiniSSD/VibeCodingApp/HeadlessBridge/HeadlessBridge.xcodeproj
    builtin-Swift-Compilation-Requirements -- /Applications/Xcode.app/Contents/Developer/Toolchains/XcodeDefault.xctoolchain/usr/bin/swiftc -module-name NIOPosix -Onone -enforce-exclusivity\=checked @/Users/ryanchang/Library/Developer/Xcode/DerivedData/HeadlessBridge-baiupzqccbbvpiebwelmalirhbnp/Build/Intermediates.noindex/swift-nio.build/Debug-iphoneos/NIOPosix.build/Objects-normal/arm64/NIOPosix.SwiftFileList -DSWIFT_PACKAGE -DDEBUG -DSWIFT_MODULE_RESOURCE_BUNDLE_AVAILABLE -Xcc -fmodule-map-file\=/Users/ryanchang/Library/Developer/Xcode/DerivedData/HeadlessBridge-baiupzqccbbvpiebwelmalirhbnp/Build/Intermediates.noindex/GeneratedModuleMaps-iphoneos/CNIOPosix.modulemap -Xcc -fmodule-map-file\=/Users/ryanchang/Library/Developer/Xcode/DerivedData/HeadlessBridge-baiupzqccbbvpiebwelmalirhbnp/Build/Intermediates.noindex/GeneratedModuleMaps-iphoneos/CNIOWASI.modulemap -Xcc -fmodule-map-file\=/Users/ryanchang/Library/Developer/Xcode/DerivedData/HeadlessBridge-baiupzqccbbvpiebwelmalirhbnp/Build/Intermediates.noindex/GeneratedModuleMaps-iphoneos/CNIOAtomics.modulemap -Xcc -fmodule-map-file\=/Users/ryanchang/Library/Developer/Xcode/DerivedData/HeadlessBridge-baiupzqccbbvpiebwelmalirhbnp/Build/Intermediates.noindex/GeneratedModuleMaps-iphoneos/CNIODarwin.modulemap -Xcc -fmodule-map-file\=/Users/ryanchang/Library/Developer/Xcode/DerivedData/HeadlessBridge-baiupzqccbbvpiebwelmalirhbnp/Build/Intermediates.noindex/GeneratedModuleMaps-iphoneos/CNIOLinux.modulemap -Xcc -fmodule-map-file\=/Users/ryanchang/Library/Developer/Xcode/DerivedData/HeadlessBridge-baiupzqccbbvpiebwelmalirhbnp/Build/Intermediates.noindex/GeneratedModuleMaps-iphoneos/CNIOOpenBSD.modulemap -DXcode -enable-experimental-feature Lifetimes -enable-upcoming-feature MemberImportVisibility -plugin-path /Applications/Xcode.app/Contents/Developer/Toolchains/XcodeDefault.xctoolchain/usr/lib/swift/host/plugins/testing -enable-experimental-feature DebugDescriptionMacro -sdk /Applications/Xcode.app/Contents/Developer/Platforms/iPhoneOS.platform/Developer/SDKs/iPhoneOS26.2.sdk -target arm64-apple-ios12.0 -g -module-cache-path /Users/ryanchang/Library/Developer/Xcode/DerivedData/ModuleCache.noindex -Xfrontend -serialize-debugging-options -enable-testing -suppress-warnings -index-store-path /Users/ryanchang/Library/Developer/Xcode/DerivedData/HeadlessBridge-baiupzqccbbvpiebwelmalirhbnp/Index.noindex/DataStore -Xcc -D_LIBCPP_HARDENING_MODE\=_LIBCPP_HARDENING_MODE_DEBUG -swift-version 6 -I /Users/ryanchang/Library/Developer/Xcode/DerivedData/HeadlessBridge-baiupzqccbbvpiebwelmalirhbnp/Build/Products/Debug-iphoneos -Isystem /Applications/Xcode.app/Contents/Developer/Platforms/iPhoneOS.platform/Developer/usr/lib -F /Users/ryanchang/Library/Developer/Xcode/DerivedData/HeadlessBridge-baiupzqccbbvpiebwelmalirhbnp/Build/Products/Debug-iphoneos/PackageFrameworks -F /Users/ryanchang/Library/Developer/Xcode/DerivedData/HeadlessBridge-baiupzqccbbvpiebwelmalirhbnp/Build/Products/Debug-iphoneos/PackageFrameworks -F /Users/ryanchang/Library/Developer/Xcode/DerivedData/HeadlessBridge-baiupzqccbbvpiebwelmalirhbnp/Build/Products/Debug-iphoneos/PackageFrameworks -F /Users/ryanchang/Library/Developer/Xcode/DerivedData/HeadlessBridge-baiupzqccbbvpiebwelmalirhbnp/Build/Products/Debug-iphoneos/PackageFrameworks -F /Users/ryanchang/Library/Developer/Xcode/DerivedData/HeadlessBridge-baiupzqccbbvpiebwelmalirhbnp/Build/Products/Debug-iphoneos/PackageFrameworks -F /Users/ryanchang/Library/Developer/Xcode/DerivedData/HeadlessBridge-baiupzqccbbvpiebwelmalirhbnp/Build/Products/Debug-iphoneos/PackageFrameworks -F /Users/ryanchang/Library/Developer/Xcode/DerivedData/HeadlessBridge-baiupzqccbbvpiebwelmalirhbnp/Build/Products/Debug-iphoneos/PackageFrameworks -F /Users/ryanchang/Library/Developer/Xcode/DerivedData/HeadlessBridge-baiupzqccbbvpiebwelmalirhbnp/Build/Products/Debug-iphoneos/PackageFrameworks -F /Users/ryanchang/Library/Developer/Xcode/DerivedData/HeadlessBridge-baiupzqccbbvpiebwelmalirhbnp/Build/Products/Debug-iphoneos/PackageFrameworks -F /Users/ryanchang/Library/Developer/Xcode/DerivedData/HeadlessBridge-baiupzqccbbvpiebwelmalirhbnp/Build/Products/Debug-iphoneos/PackageFrameworks -F /Users/ryanchang/Library/Developer/Xcode/DerivedData/HeadlessBridge-baiupzqccbbvpiebwelmalirhbnp/Build/Products/Debug-iphoneos/PackageFrameworks -F /Users/ryanchang/Library/Developer/Xcode/DerivedData/HeadlessBridge-baiupzqccbbvpiebwelmalirhbnp/Build/Products/Debug-iphoneos/PackageFrameworks -F /Users/ryanchang/Library/Developer/Xcode/DerivedData/HeadlessBridge-baiupzqccbbvpiebwelmalirhbnp/Build/Products/Debug-iphoneos/PackageFrameworks -F /Users/ryanchang/Library/Developer/Xcode/DerivedData/HeadlessBridge-baiupzqccbbvpiebwelmalirhbnp/Build/Products/Debug-iphoneos/PackageFrameworks -F /Users/ryanchang/Library/Developer/Xcode/DerivedData/HeadlessBridge-baiupzqccbbvpiebwelmalirhbnp/Build/Products/Debug-iphoneos/PackageFrameworks -F /Users/ryanchang/Library/Developer/Xcode/DerivedData/HeadlessBridge-baiupzqccbbvpiebwelmalirhbnp/Build/Products/Debug-iphoneos -F /Applications/Xcode.app/Contents/Developer/Platforms/iPhoneOS.platform/Developer/Library/Frameworks -F /Applications/Xcode.app/Contents/Developer/Platforms/iPhoneOS.platform/Developer/SDKs/iPhoneOS26.2.sdk/Developer/Library/Frameworks -c -j10 -enable-batch-mode -incremental -Xcc -ivfsstatcache -Xcc /Users/ryanchang/Library/Developer/Xcode/DerivedData/SDKStatCaches.noindex/iphoneos26.2-23C53-3794476bd08197c3e2abd9bb477ef7f7.sdkstatcache -output-file-map /Users/ryanchang/Library/Developer/Xcode/DerivedData/HeadlessBridge-baiupzqccbbvpiebwelmalirhbnp/Build/Intermediates.noindex/swift-nio.build/Debug-iphoneos/NIOPosix.build/Objects-normal/arm64/NIOPosix-OutputFileMap.json -use-frontend-parseable-output -save-temps -no-color-diagnostics -explicit-module-build -module-cache-path /Users/ryanchang/Library/Developer/Xcode/DerivedData/HeadlessBridge-baiupzqccbbvpiebwelmalirhbnp/Build/Intermediates.noindex/SwiftExplicitPrecompiledModules -clang-scanner-module-cache-path /Users/ryanchang/Library/Developer/Xcode/DerivedData/ModuleCache.noindex -sdk-module-cache-path /Users/ryanchang/Library/Developer/Xcode/DerivedData/ModuleCache.noindex -serialize-diagnostics -emit-dependencies -emit-module -emit-module-path /Users/ryanchang/Library/Developer/Xcode/DerivedData/HeadlessBridge-baiupzqccbbvpiebwelmalirhbnp/Build/Intermediates.noindex/swift-nio.build/Debug-iphoneos/NIOPosix.build/Objects-normal/arm64/NIOPosix.swiftmodule -user-module-version 2.95.0 -validate-clang-modules-once -clang-build-session-file /Users/ryanchang/Library/Developer/Xcode/DerivedData/ModuleCache.noindex/Session.modulevalidation -package-name swift_nio -Xcc -I/Users/ryanchang/Library/Developer/Xcode/DerivedData/HeadlessBridge-baiupzqccbbvpiebwelmalirhbnp/Build/Intermediates.noindex/swift-nio.build/Debug-iphoneos/NIOPosix.build/swift-overrides.hmap -emit-const-values -Xfrontend -const-gather-protocols-file -Xfrontend /Users/ryanchang/Library/Developer/Xcode/DerivedData/HeadlessBridge-baiupzqccbbvpiebwelmalirhbnp/Build/Intermediates.noindex/swift-nio.build/Debug-iphoneos/NIOPosix.build/Objects-normal/arm64/NIOPosix_const_extract_protocols.json -Xcc -I/Users/ryanchang/Library/Developer/Xcode/DerivedData/HeadlessBridge-baiupzqccbbvpiebwelmalirhbnp/SourcePackages/checkouts/swift-atomics/Sources/_AtomicsShims/include -Xcc -I/Users/ryanchang/Library/Developer/Xcode/DerivedData/HeadlessBridge-baiupzqccbbvpiebwelmalirhbnp/SourcePackages/checkouts/swift-nio/Sources/CNIOPosix/include -Xcc -I/Users/ryanchang/Library/Developer/Xcode/DerivedData/HeadlessBridge-baiupzqccbbvpiebwelmalirhbnp/SourcePackages/checkouts/swift-nio/Sources/CNIOWASI/include -Xcc -I/Users/ryanchang/Library/Developer/Xcode/DerivedData/HeadlessBridge-baiupzqccbbvpiebwelmalirhbnp/SourcePackages/checkouts/swift-nio/Sources/CNIOAtomics/include -Xcc -I/Users/ryanchang/Library/Developer/Xcode/DerivedData/HeadlessBridge-baiupzqccbbvpiebwelmalirhbnp/SourcePackages/checkouts/swift-nio/Sources/CNIOWindows/include -Xcc -I/Users/ryanchang/Library/Developer/Xcode/DerivedData/HeadlessBridge-baiupzqccbbvpiebwelmalirhbnp/SourcePackages/checkouts/swift-nio/Sources/CNIODarwin/include -Xcc -I/Users/ryanchang/Library/Developer/Xcode/DerivedData/HeadlessBridge-baiupzqccbbvpiebwelmalirhbnp/SourcePackages/checkouts/swift-nio/Sources/CNIOLinux/include -Xcc -I/Users/ryanchang/Library/Developer/Xcode/DerivedData/HeadlessBridge-baiupzqccbbvpiebwelmalirhbnp/SourcePackages/checkouts/swift-nio/Sources/CNIOOpenBSD/include -Xcc -I/Users/ryanchang/Library/Developer/Xcode/DerivedData/HeadlessBridge-baiupzqccbbvpiebwelmalirhbnp/Build/Products/Debug-iphoneos/include -Xcc -I/Users/ryanchang/Library/Developer/Xcode/DerivedData/HeadlessBridge-baiupzqccbbvpiebwelmalirhbnp/Build/Intermediates.noindex/swift-nio.build/Debug-iphoneos/NIOPosix.build/DerivedSources-normal/arm64 -Xcc -I/Users/ryanchang/Library/Developer/Xcode/DerivedData/HeadlessBridge-baiupzqccbbvpiebwelmalirhbnp/Build/Intermediates.noindex/swift-nio.build/Debug-iphoneos/NIOPosix.build/DerivedSources/arm64 -Xcc -I/Users/ryanchang/Library/Developer/Xcode/DerivedData/HeadlessBridge-baiupzqccbbvpiebwelmalirhbnp/Build/Intermediates.noindex/swift-nio.build/Debug-iphoneos/NIOPosix.build/DerivedSources -Xcc -DSWIFT_PACKAGE -Xcc -DDEBUG\=1 -emit-objc-header -emit-objc-header-path /Users/ryanchang/Library/Developer/Xcode/DerivedData/HeadlessBridge-baiupzqccbbvpiebwelmalirhbnp/Build/Intermediates.noindex/swift-nio.build/Debug-iphoneos/NIOPosix.build/Objects-normal/arm64/NIOPosix-Swift.h -working-directory /Users/ryanchang/MacMiniSSD/VibeCodingApp/HeadlessBridge/HeadlessBridge.xcodeproj -experimental-emit-module-separately -disable-cmo

Copy /Users/ryanchang/Library/Developer/Xcode/DerivedData/HeadlessBridge-baiupzqccbbvpiebwelmalirhbnp/Build/Products/Debug-iphoneos/NIOPosix.swiftmodule/arm64-apple-ios.abi.json /Users/ryanchang/Library/Developer/Xcode/DerivedData/HeadlessBridge-baiupzqccbbvpiebwelmalirhbnp/Build/Intermediates.noindex/swift-nio.build/Debug-iphoneos/NIOPosix.build/Objects-normal/arm64/NIOPosix.abi.json (in target 'NIOPosix' from project 'swift-nio')
    cd /Users/ryanchang/Library/Developer/Xcode/DerivedData/HeadlessBridge-baiupzqccbbvpiebwelmalirhbnp/SourcePackages/checkouts/swift-nio
    builtin-copy -exclude .DS_Store -exclude CVS -exclude .svn -exclude .git -exclude .hg -resolve-src-symlinks -rename /Users/ryanchang/Library/Developer/Xcode/DerivedData/HeadlessBridge-baiupzqccbbvpiebwelmalirhbnp/Build/Intermediates.noindex/swift-nio.build/Debug-iphoneos/NIOPosix.build/Objects-normal/arm64/NIOPosix.abi.json /Users/ryanchang/Library/Developer/Xcode/DerivedData/HeadlessBridge-baiupzqccbbvpiebwelmalirhbnp/Build/Products/Debug-iphoneos/NIOPosix.swiftmodule/arm64-apple-ios.abi.json

SwiftDriver Citadel normal arm64 com.apple.xcode.tools.swift.compiler (in target 'Citadel' from project 'Citadel')
    cd /Users/ryanchang/MacMiniSSD/VibeCodingApp/HeadlessBridge/HeadlessBridge.xcodeproj
    builtin-SwiftDriver -- /Applications/Xcode.app/Contents/Developer/Toolchains/XcodeDefault.xctoolchain/usr/bin/swiftc -module-name Citadel -Onone -enforce-exclusivity\=checked @/Users/ryanchang/Library/Developer/Xcode/DerivedData/HeadlessBridge-baiupzqccbbvpiebwelmalirhbnp/Build/Intermediates.noindex/Citadel.build/Debug-iphoneos/Citadel.build/Objects-normal/arm64/Citadel.SwiftFileList -DSWIFT_PACKAGE -DDEBUG -DSWIFT_MODULE_RESOURCE_BUNDLE_UNAVAILABLE -Xcc -fmodule-map-file\=/Users/ryanchang/Library/Developer/Xcode/DerivedData/HeadlessBridge-baiupzqccbbvpiebwelmalirhbnp/Build/Intermediates.noindex/GeneratedModuleMaps-iphoneos/CNIOPosix.modulemap -Xcc -fmodule-map-file\=/Users/ryanchang/Library/Developer/Xcode/DerivedData/HeadlessBridge-baiupzqccbbvpiebwelmalirhbnp/Build/Intermediates.noindex/GeneratedModuleMaps-iphoneos/CNIOWASI.modulemap -Xcc -fmodule-map-file\=/Users/ryanchang/Library/Developer/Xcode/DerivedData/HeadlessBridge-baiupzqccbbvpiebwelmalirhbnp/Build/Intermediates.noindex/GeneratedModuleMaps-iphoneos/CNIOLinux.modulemap -Xcc -fmodule-map-file\=/Users/ryanchang/Library/Developer/Xcode/DerivedData/HeadlessBridge-baiupzqccbbvpiebwelmalirhbnp/Build/Intermediates.noindex/GeneratedModuleMaps-iphoneos/CNIODarwin.modulemap -Xcc -fmodule-map-file\=/Users/ryanchang/Library/Developer/Xcode/DerivedData/HeadlessBridge-baiupzqccbbvpiebwelmalirhbnp/Build/Intermediates.noindex/GeneratedModuleMaps-iphoneos/CNIOOpenBSD.modulemap -Xcc -fmodule-map-file\=/Users/ryanchang/Library/Developer/Xcode/DerivedData/HeadlessBridge-baiupzqccbbvpiebwelmalirhbnp/Build/Intermediates.noindex/GeneratedModuleMaps-iphoneos/CNIOAtomics.modulemap -DXcode -plugin-path /Applications/Xcode.app/Contents/Developer/Toolchains/XcodeDefault.xctoolchain/usr/lib/swift/host/plugins/testing -enable-experimental-feature DebugDescriptionMacro -sdk /Applications/Xcode.app/Contents/Developer/Platforms/iPhoneOS.platform/Developer/SDKs/iPhoneOS26.2.sdk -target arm64-apple-ios17.0 -g -module-cache-path /Users/ryanchang/Library/Developer/Xcode/DerivedData/ModuleCache.noindex -Xfrontend -serialize-debugging-options -enable-testing -suppress-warnings -index-store-path /Users/ryanchang/Library/Developer/Xcode/DerivedData/HeadlessBridge-baiupzqccbbvpiebwelmalirhbnp/Index.noindex/DataStore -Xcc -D_LIBCPP_HARDENING_MODE\=_LIBCPP_HARDENING_MODE_DEBUG -swift-version 5 -I /Users/ryanchang/Library/Developer/Xcode/DerivedData/HeadlessBridge-baiupzqccbbvpiebwelmalirhbnp/Build/Products/Debug-iphoneos -Isystem /Applications/Xcode.app/Contents/Developer/Platforms/iPhoneOS.platform/Developer/usr/lib -F /Users/ryanchang/Library/Developer/Xcode/DerivedData/HeadlessBridge-baiupzqccbbvpiebwelmalirhbnp/Build/Products/Debug-iphoneos/PackageFrameworks -F /Users/ryanchang/Library/Developer/Xcode/DerivedData/HeadlessBridge-baiupzqccbbvpiebwelmalirhbnp/Build/Products/Debug-iphoneos/PackageFrameworks -F /Users/ryanchang/Library/Developer/Xcode/DerivedData/HeadlessBridge-baiupzqccbbvpiebwelmalirhbnp/Build/Products/Debug-iphoneos/PackageFrameworks -F /Users/ryanchang/Library/Developer/Xcode/DerivedData/HeadlessBridge-baiupzqccbbvpiebwelmalirhbnp/Build/Products/Debug-iphoneos/PackageFrameworks -F /Users/ryanchang/Library/Developer/Xcode/DerivedData/HeadlessBridge-baiupzqccbbvpiebwelmalirhbnp/Build/Products/Debug-iphoneos/PackageFrameworks -F /Users/ryanchang/Library/Developer/Xcode/DerivedData/HeadlessBridge-baiupzqccbbvpiebwelmalirhbnp/Build/Products/Debug-iphoneos/PackageFrameworks -F /Users/ryanchang/Library/Developer/Xcode/DerivedData/HeadlessBridge-baiupzqccbbvpiebwelmalirhbnp/Build/Products/Debug-iphoneos/PackageFrameworks -F /Users/ryanchang/Library/Developer/Xcode/DerivedData/HeadlessBridge-baiupzqccbbvpiebwelmalirhbnp/Build/Products/Debug-iphoneos/PackageFrameworks -F /Users/ryanchang/Library/Developer/Xcode/DerivedData/HeadlessBridge-baiupzqccbbvpiebwelmalirhbnp/Build/Products/Debug-iphoneos/PackageFrameworks -F /Users/ryanchang/Library/Developer/Xcode/DerivedData/HeadlessBridge-baiupzqccbbvpiebwelmalirhbnp/Build/Products/Debug-iphoneos/PackageFrameworks -F /Users/ryanchang/Library/Developer/Xcode/DerivedData/HeadlessBridge-baiupzqccbbvpiebwelmalirhbnp/Build/Products/Debug-iphoneos/PackageFrameworks -F /Users/ryanchang/Library/Developer/Xcode/DerivedData/HeadlessBridge-baiupzqccbbvpiebwelmalirhbnp/Build/Products/Debug-iphoneos/PackageFrameworks -F /Users/ryanchang/Library/Developer/Xcode/DerivedData/HeadlessBridge-baiupzqccbbvpiebwelmalirhbnp/Build/Products/Debug-iphoneos/PackageFrameworks -F /Users/ryanchang/Library/Developer/Xcode/DerivedData/HeadlessBridge-baiupzqccbbvpiebwelmalirhbnp/Build/Products/Debug-iphoneos/PackageFrameworks -F /Users/ryanchang/Library/Developer/Xcode/DerivedData/HeadlessBridge-baiupzqccbbvpiebwelmalirhbnp/Build/Products/Debug-iphoneos/PackageFrameworks -F /Users/ryanchang/Library/Developer/Xcode/DerivedData/HeadlessBridge-baiupzqccbbvpiebwelmalirhbnp/Build/Products/Debug-iphoneos/PackageFrameworks -F /Users/ryanchang/Library/Developer/Xcode/DerivedData/HeadlessBridge-baiupzqccbbvpiebwelmalirhbnp/Build/Products/Debug-iphoneos/PackageFrameworks -F /Users/ryanchang/Library/Developer/Xcode/DerivedData/HeadlessBridge-baiupzqccbbvpiebwelmalirhbnp/Build/Products/Debug-iphoneos/PackageFrameworks -F /Users/ryanchang/Library/Developer/Xcode/DerivedData/HeadlessBridge-baiupzqccbbvpiebwelmalirhbnp/Build/Products/Debug-iphoneos/PackageFrameworks -F /Users/ryanchang/Library/Developer/Xcode/DerivedData/HeadlessBridge-baiupzqccbbvpiebwelmalirhbnp/Build/Products/Debug-iphoneos/PackageFrameworks -F /Users/ryanchang/Library/Developer/Xcode/DerivedData/HeadlessBridge-baiupzqccbbvpiebwelmalirhbnp/Build/Products/Debug-iphoneos/PackageFrameworks -F /Users/ryanchang/Library/Developer/Xcode/DerivedData/HeadlessBridge-baiupzqccbbvpiebwelmalirhbnp/Build/Products/Debug-iphoneos/PackageFrameworks -F /Users/ryanchang/Library/Developer/Xcode/DerivedData/HeadlessBridge-baiupzqccbbvpiebwelmalirhbnp/Build/Products/Debug-iphoneos/PackageFrameworks -F /Users/ryanchang/Library/Developer/Xcode/DerivedData/HeadlessBridge-baiupzqccbbvpiebwelmalirhbnp/Build/Products/Debug-iphoneos/PackageFrameworks -F /Users/ryanchang/Library/Developer/Xcode/DerivedData/HeadlessBridge-baiupzqccbbvpiebwelmalirhbnp/Build/Products/Debug-iphoneos/PackageFrameworks -F /Users/ryanchang/Library/Developer/Xcode/DerivedData/HeadlessBridge-baiupzqccbbvpiebwelmalirhbnp/Build/Products/Debug-iphoneos/PackageFrameworks -F /Users/ryanchang/Library/Developer/Xcode/DerivedData/HeadlessBridge-baiupzqccbbvpiebwelmalirhbnp/Build/Products/Debug-iphoneos/PackageFrameworks -F /Users/ryanchang/Library/Developer/Xcode/DerivedData/HeadlessBridge-baiupzqccbbvpiebwelmalirhbnp/Build/Products/Debug-iphoneos/PackageFrameworks -F /Users/ryanchang/Library/Developer/Xcode/DerivedData/HeadlessBridge-baiupzqccbbvpiebwelmalirhbnp/Build/Products/Debug-iphoneos/PackageFrameworks -F /Users/ryanchang/Library/Developer/Xcode/DerivedData/HeadlessBridge-baiupzqccbbvpiebwelmalirhbnp/Build/Products/Debug-iphoneos -F /Applications/Xcode.app/Contents/Developer/Platforms/iPhoneOS.platform/Developer/Library/Frameworks -F /Applications/Xcode.app/Contents/Developer/Platforms/iPhoneOS.platform/Developer/SDKs/iPhoneOS26.2.sdk/Developer/Library/Frameworks -c -j10 -enable-batch-mode -incremental -Xcc -ivfsstatcache -Xcc /Users/ryanchang/Library/Developer/Xcode/DerivedData/SDKStatCaches.noindex/iphoneos26.2-23C53-3794476bd08197c3e2abd9bb477ef7f7.sdkstatcache -output-file-map /Users/ryanchang/Library/Developer/Xcode/DerivedData/HeadlessBridge-baiupzqccbbvpiebwelmalirhbnp/Build/Intermediates.noindex/Citadel.build/Debug-iphoneos/Citadel.build/Objects-normal/arm64/Citadel-OutputFileMap.json -use-frontend-parseable-output -save-temps -no-color-diagnostics -explicit-module-build -module-cache-path /Users/ryanchang/Library/Developer/Xcode/DerivedData/HeadlessBridge-baiupzqccbbvpiebwelmalirhbnp/Build/Intermediates.noindex/SwiftExplicitPrecompiledModules -clang-scanner-module-cache-path /Users/ryanchang/Library/Developer/Xcode/DerivedData/ModuleCache.noindex -sdk-module-cache-path /Users/ryanchang/Library/Developer/Xcode/DerivedData/ModuleCache.noindex -serialize-diagnostics -emit-dependencies -emit-module -emit-module-path /Users/ryanchang/Library/Developer/Xcode/DerivedData/HeadlessBridge-baiupzqccbbvpiebwelmalirhbnp/Build/Intermediates.noindex/Citadel.build/Debug-iphoneos/Citadel.build/Objects-normal/arm64/Citadel.swiftmodule -validate-clang-modules-once -clang-build-session-file /Users/ryanchang/Library/Developer/Xcode/DerivedData/ModuleCache.noindex/Session.modulevalidation -package-name citadel -Xcc -I/Users/ryanchang/Library/Developer/Xcode/DerivedData/HeadlessBridge-baiupzqccbbvpiebwelmalirhbnp/Build/Intermediates.noindex/Citadel.build/Debug-iphoneos/Citadel.build/swift-overrides.hmap -emit-const-values -Xfrontend -const-gather-protocols-file -Xfrontend /Users/ryanchang/Library/Developer/Xcode/DerivedData/HeadlessBridge-baiupzqccbbvpiebwelmalirhbnp/Build/Intermediates.noindex/Citadel.build/Debug-iphoneos/Citadel.build/Objects-normal/arm64/Citadel_const_extract_protocols.json -Xcc -I/Users/ryanchang/Library/Developer/Xcode/DerivedData/HeadlessBridge-baiupzqccbbvpiebwelmalirhbnp/SourcePackages/checkouts/swift-nio/Sources/CNIOPosix/include -Xcc -I/Users/ryanchang/Library/Developer/Xcode/DerivedData/HeadlessBridge-baiupzqccbbvpiebwelmalirhbnp/SourcePackages/checkouts/swift-nio/Sources/CNIOWASI/include -Xcc -I/Users/ryanchang/Library/Developer/Xcode/DerivedData/HeadlessBridge-baiupzqccbbvpiebwelmalirhbnp/SourcePackages/checkouts/swift-nio/Sources/CNIOWindows/include -Xcc -I/Users/ryanchang/Library/Developer/Xcode/DerivedData/HeadlessBridge-baiupzqccbbvpiebwelmalirhbnp/SourcePackages/checkouts/swift-nio/Sources/CNIOLinux/include -Xcc -I/Users/ryanchang/Library/Developer/Xcode/DerivedData/HeadlessBridge-baiupzqccbbvpiebwelmalirhbnp/SourcePackages/checkouts/swift-nio/Sources/CNIODarwin/include -Xcc -I/Users/ryanchang/Library/Developer/Xcode/DerivedData/HeadlessBridge-baiupzqccbbvpiebwelmalirhbnp/SourcePackages/checkouts/swift-nio/Sources/CNIOOpenBSD/include -Xcc -I/Users/ryanchang/Library/Developer/Xcode/DerivedData/HeadlessBridge-baiupzqccbbvpiebwelmalirhbnp/SourcePackages/checkouts/swift-nio/Sources/CNIOAtomics/include -Xcc -I/Users/ryanchang/Library/Developer/Xcode/DerivedData/HeadlessBridge-baiupzqccbbvpiebwelmalirhbnp/SourcePackages/checkouts/swift-atomics/Sources/_AtomicsShims/include -Xcc -I/Users/ryanchang/Library/Developer/Xcode/DerivedData/HeadlessBridge-baiupzqccbbvpiebwelmalirhbnp/SourcePackages/checkouts/swift-crypto/Sources/CCryptoBoringSSLShims/include -Xcc -I/Users/ryanchang/Library/Developer/Xcode/DerivedData/HeadlessBridge-baiupzqccbbvpiebwelmalirhbnp/SourcePackages/checkouts/swift-crypto/Sources/CCryptoBoringSSL/include -Xcc -I/Users/ryanchang/Library/Developer/Xcode/DerivedData/HeadlessBridge-baiupzqccbbvpiebwelmalirhbnp/SourcePackages/checkouts/Citadel/Sources/CCitadelBcrypt/include -Xcc -I/Users/ryanchang/Library/Developer/Xcode/DerivedData/HeadlessBridge-baiupzqccbbvpiebwelmalirhbnp/Build/Products/Debug-iphoneos/include -Xcc -I/Users/ryanchang/Library/Developer/Xcode/DerivedData/HeadlessBridge-baiupzqccbbvpiebwelmalirhbnp/Build/Intermediates.noindex/Citadel.build/Debug-iphoneos/Citadel.build/DerivedSources-normal/arm64 -Xcc -I/Users/ryanchang/Library/Developer/Xcode/DerivedData/HeadlessBridge-baiupzqccbbvpiebwelmalirhbnp/Build/Intermediates.noindex/Citadel.build/Debug-iphoneos/Citadel.build/DerivedSources/arm64 -Xcc -I/Users/ryanchang/Library/Developer/Xcode/DerivedData/HeadlessBridge-baiupzqccbbvpiebwelmalirhbnp/Build/Intermediates.noindex/Citadel.build/Debug-iphoneos/Citadel.build/DerivedSources -Xcc -DSWIFT_PACKAGE -Xcc -DDEBUG\=1 -emit-objc-header -emit-objc-header-path /Users/ryanchang/Library/Developer/Xcode/DerivedData/HeadlessBridge-baiupzqccbbvpiebwelmalirhbnp/Build/Intermediates.noindex/Citadel.build/Debug-iphoneos/Citadel.build/Objects-normal/arm64/Citadel-Swift.h -working-directory /Users/ryanchang/MacMiniSSD/VibeCodingApp/HeadlessBridge/HeadlessBridge.xcodeproj -experimental-emit-module-separately -disable-cmo

SwiftDriver\ Compilation\ Requirements Citadel normal arm64 com.apple.xcode.tools.swift.compiler (in target 'Citadel' from project 'Citadel')
    cd /Users/ryanchang/MacMiniSSD/VibeCodingApp/HeadlessBridge/HeadlessBridge.xcodeproj
    builtin-Swift-Compilation-Requirements -- /Applications/Xcode.app/Contents/Developer/Toolchains/XcodeDefault.xctoolchain/usr/bin/swiftc -module-name Citadel -Onone -enforce-exclusivity\=checked @/Users/ryanchang/Library/Developer/Xcode/DerivedData/HeadlessBridge-baiupzqccbbvpiebwelmalirhbnp/Build/Intermediates.noindex/Citadel.build/Debug-iphoneos/Citadel.build/Objects-normal/arm64/Citadel.SwiftFileList -DSWIFT_PACKAGE -DDEBUG -DSWIFT_MODULE_RESOURCE_BUNDLE_UNAVAILABLE -Xcc -fmodule-map-file\=/Users/ryanchang/Library/Developer/Xcode/DerivedData/HeadlessBridge-baiupzqccbbvpiebwelmalirhbnp/Build/Intermediates.noindex/GeneratedModuleMaps-iphoneos/CNIOPosix.modulemap -Xcc -fmodule-map-file\=/Users/ryanchang/Library/Developer/Xcode/DerivedData/HeadlessBridge-baiupzqccbbvpiebwelmalirhbnp/Build/Intermediates.noindex/GeneratedModuleMaps-iphoneos/CNIOWASI.modulemap -Xcc -fmodule-map-file\=/Users/ryanchang/Library/Developer/Xcode/DerivedData/HeadlessBridge-baiupzqccbbvpiebwelmalirhbnp/Build/Intermediates.noindex/GeneratedModuleMaps-iphoneos/CNIOLinux.modulemap -Xcc -fmodule-map-file\=/Users/ryanchang/Library/Developer/Xcode/DerivedData/HeadlessBridge-baiupzqccbbvpiebwelmalirhbnp/Build/Intermediates.noindex/GeneratedModuleMaps-iphoneos/CNIODarwin.modulemap -Xcc -fmodule-map-file\=/Users/ryanchang/Library/Developer/Xcode/DerivedData/HeadlessBridge-baiupzqccbbvpiebwelmalirhbnp/Build/Intermediates.noindex/GeneratedModuleMaps-iphoneos/CNIOOpenBSD.modulemap -Xcc -fmodule-map-file\=/Users/ryanchang/Library/Developer/Xcode/DerivedData/HeadlessBridge-baiupzqccbbvpiebwelmalirhbnp/Build/Intermediates.noindex/GeneratedModuleMaps-iphoneos/CNIOAtomics.modulemap -DXcode -plugin-path /Applications/Xcode.app/Contents/Developer/Toolchains/XcodeDefault.xctoolchain/usr/lib/swift/host/plugins/testing -enable-experimental-feature DebugDescriptionMacro -sdk /Applications/Xcode.app/Contents/Developer/Platforms/iPhoneOS.platform/Developer/SDKs/iPhoneOS26.2.sdk -target arm64-apple-ios17.0 -g -module-cache-path /Users/ryanchang/Library/Developer/Xcode/DerivedData/ModuleCache.noindex -Xfrontend -serialize-debugging-options -enable-testing -suppress-warnings -index-store-path /Users/ryanchang/Library/Developer/Xcode/DerivedData/HeadlessBridge-baiupzqccbbvpiebwelmalirhbnp/Index.noindex/DataStore -Xcc -D_LIBCPP_HARDENING_MODE\=_LIBCPP_HARDENING_MODE_DEBUG -swift-version 5 -I /Users/ryanchang/Library/Developer/Xcode/DerivedData/HeadlessBridge-baiupzqccbbvpiebwelmalirhbnp/Build/Products/Debug-iphoneos -Isystem /Applications/Xcode.app/Contents/Developer/Platforms/iPhoneOS.platform/Developer/usr/lib -F /Users/ryanchang/Library/Developer/Xcode/DerivedData/HeadlessBridge-baiupzqccbbvpiebwelmalirhbnp/Build/Products/Debug-iphoneos/PackageFrameworks -F /Users/ryanchang/Library/Developer/Xcode/DerivedData/HeadlessBridge-baiupzqccbbvpiebwelmalirhbnp/Build/Products/Debug-iphoneos/PackageFrameworks -F /Users/ryanchang/Library/Developer/Xcode/DerivedData/HeadlessBridge-baiupzqccbbvpiebwelmalirhbnp/Build/Products/Debug-iphoneos/PackageFrameworks -F /Users/ryanchang/Library/Developer/Xcode/DerivedData/HeadlessBridge-baiupzqccbbvpiebwelmalirhbnp/Build/Products/Debug-iphoneos/PackageFrameworks -F /Users/ryanchang/Library/Developer/Xcode/DerivedData/HeadlessBridge-baiupzqccbbvpiebwelmalirhbnp/Build/Products/Debug-iphoneos/PackageFrameworks -F /Users/ryanchang/Library/Developer/Xcode/DerivedData/HeadlessBridge-baiupzqccbbvpiebwelmalirhbnp/Build/Products/Debug-iphoneos/PackageFrameworks -F /Users/ryanchang/Library/Developer/Xcode/DerivedData/HeadlessBridge-baiupzqccbbvpiebwelmalirhbnp/Build/Products/Debug-iphoneos/PackageFrameworks -F /Users/ryanchang/Library/Developer/Xcode/DerivedData/HeadlessBridge-baiupzqccbbvpiebwelmalirhbnp/Build/Products/Debug-iphoneos/PackageFrameworks -F /Users/ryanchang/Library/Developer/Xcode/DerivedData/HeadlessBridge-baiupzqccbbvpiebwelmalirhbnp/Build/Products/Debug-iphoneos/PackageFrameworks -F /Users/ryanchang/Library/Developer/Xcode/DerivedData/HeadlessBridge-baiupzqccbbvpiebwelmalirhbnp/Build/Products/Debug-iphoneos/PackageFrameworks -F /Users/ryanchang/Library/Developer/Xcode/DerivedData/HeadlessBridge-baiupzqccbbvpiebwelmalirhbnp/Build/Products/Debug-iphoneos/PackageFrameworks -F /Users/ryanchang/Library/Developer/Xcode/DerivedData/HeadlessBridge-baiupzqccbbvpiebwelmalirhbnp/Build/Products/Debug-iphoneos/PackageFrameworks -F /Users/ryanchang/Library/Developer/Xcode/DerivedData/HeadlessBridge-baiupzqccbbvpiebwelmalirhbnp/Build/Products/Debug-iphoneos/PackageFrameworks -F /Users/ryanchang/Library/Developer/Xcode/DerivedData/HeadlessBridge-baiupzqccbbvpiebwelmalirhbnp/Build/Products/Debug-iphoneos/PackageFrameworks -F /Users/ryanchang/Library/Developer/Xcode/DerivedData/HeadlessBridge-baiupzqccbbvpiebwelmalirhbnp/Build/Products/Debug-iphoneos/PackageFrameworks -F /Users/ryanchang/Library/Developer/Xcode/DerivedData/HeadlessBridge-baiupzqccbbvpiebwelmalirhbnp/Build/Products/Debug-iphoneos/PackageFrameworks -F /Users/ryanchang/Library/Developer/Xcode/DerivedData/HeadlessBridge-baiupzqccbbvpiebwelmalirhbnp/Build/Products/Debug-iphoneos/PackageFrameworks -F /Users/ryanchang/Library/Developer/Xcode/DerivedData/HeadlessBridge-baiupzqccbbvpiebwelmalirhbnp/Build/Products/Debug-iphoneos/PackageFrameworks -F /Users/ryanchang/Library/Developer/Xcode/DerivedData/HeadlessBridge-baiupzqccbbvpiebwelmalirhbnp/Build/Products/Debug-iphoneos/PackageFrameworks -F /Users/ryanchang/Library/Developer/Xcode/DerivedData/HeadlessBridge-baiupzqccbbvpiebwelmalirhbnp/Build/Products/Debug-iphoneos/PackageFrameworks -F /Users/ryanchang/Library/Developer/Xcode/DerivedData/HeadlessBridge-baiupzqccbbvpiebwelmalirhbnp/Build/Products/Debug-iphoneos/PackageFrameworks -F /Users/ryanchang/Library/Developer/Xcode/DerivedData/HeadlessBridge-baiupzqccbbvpiebwelmalirhbnp/Build/Products/Debug-iphoneos/PackageFrameworks -F /Users/ryanchang/Library/Developer/Xcode/DerivedData/HeadlessBridge-baiupzqccbbvpiebwelmalirhbnp/Build/Products/Debug-iphoneos/PackageFrameworks -F /Users/ryanchang/Library/Developer/Xcode/DerivedData/HeadlessBridge-baiupzqccbbvpiebwelmalirhbnp/Build/Products/Debug-iphoneos/PackageFrameworks -F /Users/ryanchang/Library/Developer/Xcode/DerivedData/HeadlessBridge-baiupzqccbbvpiebwelmalirhbnp/Build/Products/Debug-iphoneos/PackageFrameworks -F /Users/ryanchang/Library/Developer/Xcode/DerivedData/HeadlessBridge-baiupzqccbbvpiebwelmalirhbnp/Build/Products/Debug-iphoneos/PackageFrameworks -F /Users/ryanchang/Library/Developer/Xcode/DerivedData/HeadlessBridge-baiupzqccbbvpiebwelmalirhbnp/Build/Products/Debug-iphoneos/PackageFrameworks -F /Users/ryanchang/Library/Developer/Xcode/DerivedData/HeadlessBridge-baiupzqccbbvpiebwelmalirhbnp/Build/Products/Debug-iphoneos/PackageFrameworks -F /Users/ryanchang/Library/Developer/Xcode/DerivedData/HeadlessBridge-baiupzqccbbvpiebwelmalirhbnp/Build/Products/Debug-iphoneos/PackageFrameworks -F /Users/ryanchang/Library/Developer/Xcode/DerivedData/HeadlessBridge-baiupzqccbbvpiebwelmalirhbnp/Build/Products/Debug-iphoneos -F /Applications/Xcode.app/Contents/Developer/Platforms/iPhoneOS.platform/Developer/Library/Frameworks -F /Applications/Xcode.app/Contents/Developer/Platforms/iPhoneOS.platform/Developer/SDKs/iPhoneOS26.2.sdk/Developer/Library/Frameworks -c -j10 -enable-batch-mode -incremental -Xcc -ivfsstatcache -Xcc /Users/ryanchang/Library/Developer/Xcode/DerivedData/SDKStatCaches.noindex/iphoneos26.2-23C53-3794476bd08197c3e2abd9bb477ef7f7.sdkstatcache -output-file-map /Users/ryanchang/Library/Developer/Xcode/DerivedData/HeadlessBridge-baiupzqccbbvpiebwelmalirhbnp/Build/Intermediates.noindex/Citadel.build/Debug-iphoneos/Citadel.build/Objects-normal/arm64/Citadel-OutputFileMap.json -use-frontend-parseable-output -save-temps -no-color-diagnostics -explicit-module-build -module-cache-path /Users/ryanchang/Library/Developer/Xcode/DerivedData/HeadlessBridge-baiupzqccbbvpiebwelmalirhbnp/Build/Intermediates.noindex/SwiftExplicitPrecompiledModules -clang-scanner-module-cache-path /Users/ryanchang/Library/Developer/Xcode/DerivedData/ModuleCache.noindex -sdk-module-cache-path /Users/ryanchang/Library/Developer/Xcode/DerivedData/ModuleCache.noindex -serialize-diagnostics -emit-dependencies -emit-module -emit-module-path /Users/ryanchang/Library/Developer/Xcode/DerivedData/HeadlessBridge-baiupzqccbbvpiebwelmalirhbnp/Build/Intermediates.noindex/Citadel.build/Debug-iphoneos/Citadel.build/Objects-normal/arm64/Citadel.swiftmodule -validate-clang-modules-once -clang-build-session-file /Users/ryanchang/Library/Developer/Xcode/DerivedData/ModuleCache.noindex/Session.modulevalidation -package-name citadel -Xcc -I/Users/ryanchang/Library/Developer/Xcode/DerivedData/HeadlessBridge-baiupzqccbbvpiebwelmalirhbnp/Build/Intermediates.noindex/Citadel.build/Debug-iphoneos/Citadel.build/swift-overrides.hmap -emit-const-values -Xfrontend -const-gather-protocols-file -Xfrontend /Users/ryanchang/Library/Developer/Xcode/DerivedData/HeadlessBridge-baiupzqccbbvpiebwelmalirhbnp/Build/Intermediates.noindex/Citadel.build/Debug-iphoneos/Citadel.build/Objects-normal/arm64/Citadel_const_extract_protocols.json -Xcc -I/Users/ryanchang/Library/Developer/Xcode/DerivedData/HeadlessBridge-baiupzqccbbvpiebwelmalirhbnp/SourcePackages/checkouts/swift-nio/Sources/CNIOPosix/include -Xcc -I/Users/ryanchang/Library/Developer/Xcode/DerivedData/HeadlessBridge-baiupzqccbbvpiebwelmalirhbnp/SourcePackages/checkouts/swift-nio/Sources/CNIOWASI/include -Xcc -I/Users/ryanchang/Library/Developer/Xcode/DerivedData/HeadlessBridge-baiupzqccbbvpiebwelmalirhbnp/SourcePackages/checkouts/swift-nio/Sources/CNIOWindows/include -Xcc -I/Users/ryanchang/Library/Developer/Xcode/DerivedData/HeadlessBridge-baiupzqccbbvpiebwelmalirhbnp/SourcePackages/checkouts/swift-nio/Sources/CNIOLinux/include -Xcc -I/Users/ryanchang/Library/Developer/Xcode/DerivedData/HeadlessBridge-baiupzqccbbvpiebwelmalirhbnp/SourcePackages/checkouts/swift-nio/Sources/CNIODarwin/include -Xcc -I/Users/ryanchang/Library/Developer/Xcode/DerivedData/HeadlessBridge-baiupzqccbbvpiebwelmalirhbnp/SourcePackages/checkouts/swift-nio/Sources/CNIOOpenBSD/include -Xcc -I/Users/ryanchang/Library/Developer/Xcode/DerivedData/HeadlessBridge-baiupzqccbbvpiebwelmalirhbnp/SourcePackages/checkouts/swift-nio/Sources/CNIOAtomics/include -Xcc -I/Users/ryanchang/Library/Developer/Xcode/DerivedData/HeadlessBridge-baiupzqccbbvpiebwelmalirhbnp/SourcePackages/checkouts/swift-atomics/Sources/_AtomicsShims/include -Xcc -I/Users/ryanchang/Library/Developer/Xcode/DerivedData/HeadlessBridge-baiupzqccbbvpiebwelmalirhbnp/SourcePackages/checkouts/swift-crypto/Sources/CCryptoBoringSSLShims/include -Xcc -I/Users/ryanchang/Library/Developer/Xcode/DerivedData/HeadlessBridge-baiupzqccbbvpiebwelmalirhbnp/SourcePackages/checkouts/swift-crypto/Sources/CCryptoBoringSSL/include -Xcc -I/Users/ryanchang/Library/Developer/Xcode/DerivedData/HeadlessBridge-baiupzqccbbvpiebwelmalirhbnp/SourcePackages/checkouts/Citadel/Sources/CCitadelBcrypt/include -Xcc -I/Users/ryanchang/Library/Developer/Xcode/DerivedData/HeadlessBridge-baiupzqccbbvpiebwelmalirhbnp/Build/Products/Debug-iphoneos/include -Xcc -I/Users/ryanchang/Library/Developer/Xcode/DerivedData/HeadlessBridge-baiupzqccbbvpiebwelmalirhbnp/Build/Intermediates.noindex/Citadel.build/Debug-iphoneos/Citadel.build/DerivedSources-normal/arm64 -Xcc -I/Users/ryanchang/Library/Developer/Xcode/DerivedData/HeadlessBridge-baiupzqccbbvpiebwelmalirhbnp/Build/Intermediates.noindex/Citadel.build/Debug-iphoneos/Citadel.build/DerivedSources/arm64 -Xcc -I/Users/ryanchang/Library/Developer/Xcode/DerivedData/HeadlessBridge-baiupzqccbbvpiebwelmalirhbnp/Build/Intermediates.noindex/Citadel.build/Debug-iphoneos/Citadel.build/DerivedSources -Xcc -DSWIFT_PACKAGE -Xcc -DDEBUG\=1 -emit-objc-header -emit-objc-header-path /Users/ryanchang/Library/Developer/Xcode/DerivedData/HeadlessBridge-baiupzqccbbvpiebwelmalirhbnp/Build/Intermediates.noindex/Citadel.build/Debug-iphoneos/Citadel.build/Objects-normal/arm64/Citadel-Swift.h -working-directory /Users/ryanchang/MacMiniSSD/VibeCodingApp/HeadlessBridge/HeadlessBridge.xcodeproj -experimental-emit-module-separately -disable-cmo

SwiftDriver HeadlessBridge normal arm64 com.apple.xcode.tools.swift.compiler (in target 'HeadlessBridge' from project 'HeadlessBridge')
    cd /Users/ryanchang/MacMiniSSD/VibeCodingApp/HeadlessBridge
    builtin-SwiftDriver -- /Applications/Xcode.app/Contents/Developer/Toolchains/XcodeDefault.xctoolchain/usr/bin/swiftc -module-name HeadlessBridge -Onone -enforce-exclusivity\=checked @/Users/ryanchang/Library/Developer/Xcode/DerivedData/HeadlessBridge-baiupzqccbbvpiebwelmalirhbnp/Build/Intermediates.noindex/HeadlessBridge.build/Debug-iphoneos/HeadlessBridge.build/Objects-normal/arm64/HeadlessBridge.SwiftFileList -DDEBUG -Xcc -fmodule-map-file\=/Users/ryanchang/Library/Developer/Xcode/DerivedData/HeadlessBridge-baiupzqccbbvpiebwelmalirhbnp/Build/Intermediates.noindex/GeneratedModuleMaps-iphoneos/CNIOPosix.modulemap -Xcc -fmodule-map-file\=/Users/ryanchang/Library/Developer/Xcode/DerivedData/HeadlessBridge-baiupzqccbbvpiebwelmalirhbnp/Build/Intermediates.noindex/GeneratedModuleMaps-iphoneos/CNIOWASI.modulemap -Xcc -fmodule-map-file\=/Users/ryanchang/Library/Developer/Xcode/DerivedData/HeadlessBridge-baiupzqccbbvpiebwelmalirhbnp/Build/Intermediates.noindex/GeneratedModuleMaps-iphoneos/CNIOLinux.modulemap -Xcc -fmodule-map-file\=/Users/ryanchang/Library/Developer/Xcode/DerivedData/HeadlessBridge-baiupzqccbbvpiebwelmalirhbnp/Build/Intermediates.noindex/GeneratedModuleMaps-iphoneos/CNIODarwin.modulemap -Xcc -fmodule-map-file\=/Users/ryanchang/Library/Developer/Xcode/DerivedData/HeadlessBridge-baiupzqccbbvpiebwelmalirhbnp/Build/Intermediates.noindex/GeneratedModuleMaps-iphoneos/CNIOOpenBSD.modulemap -Xcc -fmodule-map-file\=/Users/ryanchang/Library/Developer/Xcode/DerivedData/HeadlessBridge-baiupzqccbbvpiebwelmalirhbnp/Build/Intermediates.noindex/GeneratedModuleMaps-iphoneos/CNIOAtomics.modulemap -enable-bare-slash-regex -enable-experimental-feature DebugDescriptionMacro -sdk /Applications/Xcode.app/Contents/Developer/Platforms/iPhoneOS.platform/Developer/SDKs/iPhoneOS26.2.sdk -target arm64-apple-ios17.0 -g -module-cache-path /Users/ryanchang/Library/Developer/Xcode/DerivedData/ModuleCache.noindex -Xfrontend -serialize-debugging-options -enable-testing -index-store-path /Users/ryanchang/Library/Developer/Xcode/DerivedData/HeadlessBridge-baiupzqccbbvpiebwelmalirhbnp/Index.noindex/DataStore -Xcc -D_LIBCPP_HARDENING_MODE\=_LIBCPP_HARDENING_MODE_DEBUG -swift-version 5 -I /Users/ryanchang/Library/Developer/Xcode/DerivedData/HeadlessBridge-baiupzqccbbvpiebwelmalirhbnp/Build/Products/Debug-iphoneos -F /Users/ryanchang/Library/Developer/Xcode/DerivedData/HeadlessBridge-baiupzqccbbvpiebwelmalirhbnp/Build/Products/Debug-iphoneos/PackageFrameworks -F /Users/ryanchang/Library/Developer/Xcode/DerivedData/HeadlessBridge-baiupzqccbbvpiebwelmalirhbnp/Build/Products/Debug-iphoneos/PackageFrameworks -F /Users/ryanchang/Library/Developer/Xcode/DerivedData/HeadlessBridge-baiupzqccbbvpiebwelmalirhbnp/Build/Products/Debug-iphoneos/PackageFrameworks -F /Users/ryanchang/Library/Developer/Xcode/DerivedData/HeadlessBridge-baiupzqccbbvpiebwelmalirhbnp/Build/Products/Debug-iphoneos/PackageFrameworks -F /Users/ryanchang/Library/Developer/Xcode/DerivedData/HeadlessBridge-baiupzqccbbvpiebwelmalirhbnp/Build/Products/Debug-iphoneos/PackageFrameworks -F /Users/ryanchang/Library/Developer/Xcode/DerivedData/HeadlessBridge-baiupzqccbbvpiebwelmalirhbnp/Build/Products/Debug-iphoneos/PackageFrameworks -F /Users/ryanchang/Library/Developer/Xcode/DerivedData/HeadlessBridge-baiupzqccbbvpiebwelmalirhbnp/Build/Products/Debug-iphoneos/PackageFrameworks -F /Users/ryanchang/Library/Developer/Xcode/DerivedData/HeadlessBridge-baiupzqccbbvpiebwelmalirhbnp/Build/Products/Debug-iphoneos/PackageFrameworks -F /Users/ryanchang/Library/Developer/Xcode/DerivedData/HeadlessBridge-baiupzqccbbvpiebwelmalirhbnp/Build/Products/Debug-iphoneos/PackageFrameworks -F /Users/ryanchang/Library/Developer/Xcode/DerivedData/HeadlessBridge-baiupzqccbbvpiebwelmalirhbnp/Build/Products/Debug-iphoneos/PackageFrameworks -F /Users/ryanchang/Library/Developer/Xcode/DerivedData/HeadlessBridge-baiupzqccbbvpiebwelmalirhbnp/Build/Products/Debug-iphoneos/PackageFrameworks -F /Users/ryanchang/Library/Developer/Xcode/DerivedData/HeadlessBridge-baiupzqccbbvpiebwelmalirhbnp/Build/Products/Debug-iphoneos/PackageFrameworks -F /Users/ryanchang/Library/Developer/Xcode/DerivedData/HeadlessBridge-baiupzqccbbvpiebwelmalirhbnp/Build/Products/Debug-iphoneos/PackageFrameworks -F /Users/ryanchang/Library/Developer/Xcode/DerivedData/HeadlessBridge-baiupzqccbbvpiebwelmalirhbnp/Build/Products/Debug-iphoneos/PackageFrameworks -F /Users/ryanchang/Library/Developer/Xcode/DerivedData/HeadlessBridge-baiupzqccbbvpiebwelmalirhbnp/Build/Products/Debug-iphoneos/PackageFrameworks -F /Users/ryanchang/Library/Developer/Xcode/DerivedData/HeadlessBridge-baiupzqccbbvpiebwelmalirhbnp/Build/Products/Debug-iphoneos/PackageFrameworks -F /Users/ryanchang/Library/Developer/Xcode/DerivedData/HeadlessBridge-baiupzqccbbvpiebwelmalirhbnp/Build/Products/Debug-iphoneos/PackageFrameworks -F /Users/ryanchang/Library/Developer/Xcode/DerivedData/HeadlessBridge-baiupzqccbbvpiebwelmalirhbnp/Build/Products/Debug-iphoneos/PackageFrameworks -F /Users/ryanchang/Library/Developer/Xcode/DerivedData/HeadlessBridge-baiupzqccbbvpiebwelmalirhbnp/Build/Products/Debug-iphoneos/PackageFrameworks -F /Users/ryanchang/Library/Developer/Xcode/DerivedData/HeadlessBridge-baiupzqccbbvpiebwelmalirhbnp/Build/Products/Debug-iphoneos/PackageFrameworks -F /Users/ryanchang/Library/Developer/Xcode/DerivedData/HeadlessBridge-baiupzqccbbvpiebwelmalirhbnp/Build/Products/Debug-iphoneos/PackageFrameworks -F /Users/ryanchang/Library/Developer/Xcode/DerivedData/HeadlessBridge-baiupzqccbbvpiebwelmalirhbnp/Build/Products/Debug-iphoneos/PackageFrameworks -F /Users/ryanchang/Library/Developer/Xcode/DerivedData/HeadlessBridge-baiupzqccbbvpiebwelmalirhbnp/Build/Products/Debug-iphoneos/PackageFrameworks -F /Users/ryanchang/Library/Developer/Xcode/DerivedData/HeadlessBridge-baiupzqccbbvpiebwelmalirhbnp/Build/Products/Debug-iphoneos/PackageFrameworks -F /Users/ryanchang/Library/Developer/Xcode/DerivedData/HeadlessBridge-baiupzqccbbvpiebwelmalirhbnp/Build/Products/Debug-iphoneos/PackageFrameworks -F /Users/ryanchang/Library/Developer/Xcode/DerivedData/HeadlessBridge-baiupzqccbbvpiebwelmalirhbnp/Build/Products/Debug-iphoneos/PackageFrameworks -F /Users/ryanchang/Library/Developer/Xcode/DerivedData/HeadlessBridge-baiupzqccbbvpiebwelmalirhbnp/Build/Products/Debug-iphoneos/PackageFrameworks -F /Users/ryanchang/Library/Developer/Xcode/DerivedData/HeadlessBridge-baiupzqccbbvpiebwelmalirhbnp/Build/Products/Debug-iphoneos/PackageFrameworks -F /Users/ryanchang/Library/Developer/Xcode/DerivedData/HeadlessBridge-baiupzqccbbvpiebwelmalirhbnp/Build/Products/Debug-iphoneos/PackageFrameworks -F /Users/ryanchang/Library/Developer/Xcode/DerivedData/HeadlessBridge-baiupzqccbbvpiebwelmalirhbnp/Build/Products/Debug-iphoneos/PackageFrameworks -F /Users/ryanchang/Library/Developer/Xcode/DerivedData/HeadlessBridge-baiupzqccbbvpiebwelmalirhbnp/Build/Products/Debug-iphoneos -c -j10 -enable-batch-mode -incremental -Xcc -ivfsstatcache -Xcc /Users/ryanchang/Library/Developer/Xcode/DerivedData/SDKStatCaches.noindex/iphoneos26.2-23C53-3794476bd08197c3e2abd9bb477ef7f7.sdkstatcache -output-file-map /Users/ryanchang/Library/Developer/Xcode/DerivedData/HeadlessBridge-baiupzqccbbvpiebwelmalirhbnp/Build/Intermediates.noindex/HeadlessBridge.build/Debug-iphoneos/HeadlessBridge.build/Objects-normal/arm64/HeadlessBridge-OutputFileMap.json -use-frontend-parseable-output -save-temps -no-color-diagnostics -explicit-module-build -module-cache-path /Users/ryanchang/Library/Developer/Xcode/DerivedData/HeadlessBridge-baiupzqccbbvpiebwelmalirhbnp/Build/Intermediates.noindex/SwiftExplicitPrecompiledModules -clang-scanner-module-cache-path /Users/ryanchang/Library/Developer/Xcode/DerivedData/ModuleCache.noindex -sdk-module-cache-path /Users/ryanchang/Library/Developer/Xcode/DerivedData/ModuleCache.noindex -serialize-diagnostics -emit-dependencies -emit-module -emit-module-path /Users/ryanchang/Library/Developer/Xcode/DerivedData/HeadlessBridge-baiupzqccbbvpiebwelmalirhbnp/Build/Intermediates.noindex/HeadlessBridge.build/Debug-iphoneos/HeadlessBridge.build/Objects-normal/arm64/HeadlessBridge.swiftmodule -validate-clang-modules-once -clang-build-session-file /Users/ryanchang/Library/Developer/Xcode/DerivedData/ModuleCache.noindex/Session.modulevalidation -Xcc -I/Users/ryanchang/Library/Developer/Xcode/DerivedData/HeadlessBridge-baiupzqccbbvpiebwelmalirhbnp/Build/Intermediates.noindex/HeadlessBridge.build/Debug-iphoneos/HeadlessBridge.build/swift-overrides.hmap -emit-const-values -Xfrontend -const-gather-protocols-file -Xfrontend /Users/ryanchang/Library/Developer/Xcode/DerivedData/HeadlessBridge-baiupzqccbbvpiebwelmalirhbnp/Build/Intermediates.noindex/HeadlessBridge.build/Debug-iphoneos/HeadlessBridge.build/Objects-normal/arm64/HeadlessBridge_const_extract_protocols.json -Xcc -iquote -Xcc /Users/ryanchang/Library/Developer/Xcode/DerivedData/HeadlessBridge-baiupzqccbbvpiebwelmalirhbnp/Build/Intermediates.noindex/HeadlessBridge.build/Debug-iphoneos/HeadlessBridge.build/HeadlessBridge-generated-files.hmap -Xcc -I/Users/ryanchang/Library/Developer/Xcode/DerivedData/HeadlessBridge-baiupzqccbbvpiebwelmalirhbnp/Build/Intermediates.noindex/HeadlessBridge.build/Debug-iphoneos/HeadlessBridge.build/HeadlessBridge-own-target-headers.hmap -Xcc -I/Users/ryanchang/Library/Developer/Xcode/DerivedData/HeadlessBridge-baiupzqccbbvpiebwelmalirhbnp/Build/Intermediates.noindex/HeadlessBridge.build/Debug-iphoneos/HeadlessBridge.build/HeadlessBridge-all-non-framework-target-headers.hmap -Xcc -ivfsoverlay -Xcc /Users/ryanchang/Library/Developer/Xcode/DerivedData/HeadlessBridge-baiupzqccbbvpiebwelmalirhbnp/Build/Intermediates.noindex/HeadlessBridge.build/Debug-iphoneos/HeadlessBridge-d69d8bfd11b40e5b0c7ac14e5530a595-VFS-iphoneos/all-product-headers.yaml -Xcc -iquote -Xcc /Users/ryanchang/Library/Developer/Xcode/DerivedData/HeadlessBridge-baiupzqccbbvpiebwelmalirhbnp/Build/Intermediates.noindex/HeadlessBridge.build/Debug-iphoneos/HeadlessBridge.build/HeadlessBridge-project-headers.hmap -Xcc -I/Users/ryanchang/Library/Developer/Xcode/DerivedData/HeadlessBridge-baiupzqccbbvpiebwelmalirhbnp/SourcePackages/checkouts/swift-nio/Sources/CNIOPosix/include -Xcc -I/Users/ryanchang/Library/Developer/Xcode/DerivedData/HeadlessBridge-baiupzqccbbvpiebwelmalirhbnp/SourcePackages/checkouts/swift-nio/Sources/CNIOWASI/include -Xcc -I/Users/ryanchang/Library/Developer/Xcode/DerivedData/HeadlessBridge-baiupzqccbbvpiebwelmalirhbnp/SourcePackages/checkouts/swift-nio/Sources/CNIOWindows/include -Xcc -I/Users/ryanchang/Library/Developer/Xcode/DerivedData/HeadlessBridge-baiupzqccbbvpiebwelmalirhbnp/SourcePackages/checkouts/swift-nio/Sources/CNIOLinux/include -Xcc -I/Users/ryanchang/Library/Developer/Xcode/DerivedData/HeadlessBridge-baiupzqccbbvpiebwelmalirhbnp/SourcePackages/checkouts/swift-nio/Sources/CNIODarwin/include -Xcc -I/Users/ryanchang/Library/Developer/Xcode/DerivedData/HeadlessBridge-baiupzqccbbvpiebwelmalirhbnp/SourcePackages/checkouts/swift-nio/Sources/CNIOOpenBSD/include -Xcc -I/Users/ryanchang/Library/Developer/Xcode/DerivedData/HeadlessBridge-baiupzqccbbvpiebwelmalirhbnp/SourcePackages/checkouts/swift-nio/Sources/CNIOAtomics/include -Xcc -I/Users/ryanchang/Library/Developer/Xcode/DerivedData/HeadlessBridge-baiupzqccbbvpiebwelmalirhbnp/SourcePackages/checkouts/swift-atomics/Sources/_AtomicsShims/include -Xcc -I/Users/ryanchang/Library/Developer/Xcode/DerivedData/HeadlessBridge-baiupzqccbbvpiebwelmalirhbnp/SourcePackages/checkouts/swift-crypto/Sources/CCryptoBoringSSLShims/include -Xcc -I/Users/ryanchang/Library/Developer/Xcode/DerivedData/HeadlessBridge-baiupzqccbbvpiebwelmalirhbnp/SourcePackages/checkouts/swift-crypto/Sources/CCryptoBoringSSL/include -Xcc -I/Users/ryanchang/Library/Developer/Xcode/DerivedData/HeadlessBridge-baiupzqccbbvpiebwelmalirhbnp/SourcePackages/checkouts/Citadel/Sources/CCitadelBcrypt/include -Xcc -I/Users/ryanchang/Library/Developer/Xcode/DerivedData/HeadlessBridge-baiupzqccbbvpiebwelmalirhbnp/Build/Products/Debug-iphoneos/include -Xcc -I/Users/ryanchang/Library/Developer/Xcode/DerivedData/HeadlessBridge-baiupzqccbbvpiebwelmalirhbnp/Build/Intermediates.noindex/HeadlessBridge.build/Debug-iphoneos/HeadlessBridge.build/DerivedSources-normal/arm64 -Xcc -I/Users/ryanchang/Library/Developer/Xcode/DerivedData/HeadlessBridge-baiupzqccbbvpiebwelmalirhbnp/Build/Intermediates.noindex/HeadlessBridge.build/Debug-iphoneos/HeadlessBridge.build/DerivedSources/arm64 -Xcc -I/Users/ryanchang/Library/Developer/Xcode/DerivedData/HeadlessBridge-baiupzqccbbvpiebwelmalirhbnp/Build/Intermediates.noindex/HeadlessBridge.build/Debug-iphoneos/HeadlessBridge.build/DerivedSources -Xcc -DDEBUG\=1 -emit-objc-header -emit-objc-header-path /Users/ryanchang/Library/Developer/Xcode/DerivedData/HeadlessBridge-baiupzqccbbvpiebwelmalirhbnp/Build/Intermediates.noindex/HeadlessBridge.build/Debug-iphoneos/HeadlessBridge.build/Objects-normal/arm64/HeadlessBridge-Swift.h -working-directory /Users/ryanchang/MacMiniSSD/VibeCodingApp/HeadlessBridge -experimental-emit-module-separately -disable-cmo

SwiftCompile normal arm64 Compiling\ ContentView.swift,\ HeadlessBridgeApp.swift /Users/ryanchang/MacMiniSSD/VibeCodingApp/HeadlessBridge/HeadlessBridge/Views/ContentView.swift /Users/ryanchang/MacMiniSSD/VibeCodingApp/HeadlessBridge/HeadlessBridge/HeadlessBridgeApp.swift (in target 'HeadlessBridge' from project 'HeadlessBridge')
SwiftCompile normal arm64 /Users/ryanchang/MacMiniSSD/VibeCodingApp/HeadlessBridge/HeadlessBridge/Views/ContentView.swift (in target 'HeadlessBridge' from project 'HeadlessBridge')
    cd /Users/ryanchang/MacMiniSSD/VibeCodingApp/HeadlessBridge
    

SwiftCompile normal arm64 /Users/ryanchang/MacMiniSSD/VibeCodingApp/HeadlessBridge/HeadlessBridge/HeadlessBridgeApp.swift (in target 'HeadlessBridge' from project 'HeadlessBridge')
    cd /Users/ryanchang/MacMiniSSD/VibeCodingApp/HeadlessBridge
    

SwiftCompile normal arm64 Compiling\ KeychainService.swift /Users/ryanchang/MacMiniSSD/VibeCodingApp/HeadlessBridge/HeadlessBridge/Services/KeychainService.swift (in target 'HeadlessBridge' from project 'HeadlessBridge')

SwiftCompile normal arm64 /Users/ryanchang/MacMiniSSD/VibeCodingApp/HeadlessBridge/HeadlessBridge/Services/KeychainService.swift (in target 'HeadlessBridge' from project 'HeadlessBridge')
    cd /Users/ryanchang/MacMiniSSD/VibeCodingApp/HeadlessBridge
    

SwiftCompile normal arm64 Compiling\ Color+ConnectionMode.swift,\ ConnectionManager.swift /Users/ryanchang/MacMiniSSD/VibeCodingApp/HeadlessBridge/HeadlessBridge/Views/Color+ConnectionMode.swift /Users/ryanchang/MacMiniSSD/VibeCodingApp/HeadlessBridge/HeadlessBridge/ViewModels/ConnectionManager.swift (in target 'HeadlessBridge' from project 'HeadlessBridge')

SwiftCompile normal arm64 /Users/ryanchang/MacMiniSSD/VibeCodingApp/HeadlessBridge/HeadlessBridge/Views/Color+ConnectionMode.swift (in target 'HeadlessBridge' from project 'HeadlessBridge')
    cd /Users/ryanchang/MacMiniSSD/VibeCodingApp/HeadlessBridge
    

SwiftCompile normal arm64 /Users/ryanchang/MacMiniSSD/VibeCodingApp/HeadlessBridge/HeadlessBridge/ViewModels/ConnectionManager.swift (in target 'HeadlessBridge' from project 'HeadlessBridge')
    cd /Users/ryanchang/MacMiniSSD/VibeCodingApp/HeadlessBridge
    

SwiftCompile normal arm64 Compiling\ SSHService.swift /Users/ryanchang/MacMiniSSD/VibeCodingApp/HeadlessBridge/HeadlessBridge/Services/SSHService.swift (in target 'HeadlessBridge' from project 'HeadlessBridge')

SwiftCompile normal arm64 /Users/ryanchang/MacMiniSSD/VibeCodingApp/HeadlessBridge/HeadlessBridge/Services/SSHService.swift (in target 'HeadlessBridge' from project 'HeadlessBridge')
    cd /Users/ryanchang/MacMiniSSD/VibeCodingApp/HeadlessBridge
    

SwiftCompile normal arm64 Compiling\ Models.swift /Users/ryanchang/MacMiniSSD/VibeCodingApp/HeadlessBridge/HeadlessBridge/Models/Models.swift (in target 'HeadlessBridge' from project 'HeadlessBridge')

SwiftCompile normal arm64 /Users/ryanchang/MacMiniSSD/VibeCodingApp/HeadlessBridge/HeadlessBridge/Models/Models.swift (in target 'HeadlessBridge' from project 'HeadlessBridge')
    cd /Users/ryanchang/MacMiniSSD/VibeCodingApp/HeadlessBridge
    

SwiftCompile normal arm64 Compiling\ HistoryView.swift,\ HomeView.swift /Users/ryanchang/MacMiniSSD/VibeCodingApp/HeadlessBridge/HeadlessBridge/Views/HistoryView.swift /Users/ryanchang/MacMiniSSD/VibeCodingApp/HeadlessBridge/HeadlessBridge/Views/HomeView.swift (in target 'HeadlessBridge' from project 'HeadlessBridge')

SwiftCompile normal arm64 /Users/ryanchang/MacMiniSSD/VibeCodingApp/HeadlessBridge/HeadlessBridge/Views/HistoryView.swift (in target 'HeadlessBridge' from project 'HeadlessBridge')
    cd /Users/ryanchang/MacMiniSSD/VibeCodingApp/HeadlessBridge
    

SwiftCompile normal arm64 /Users/ryanchang/MacMiniSSD/VibeCodingApp/HeadlessBridge/HeadlessBridge/Views/HomeView.swift (in target 'HeadlessBridge' from project 'HeadlessBridge')
    cd /Users/ryanchang/MacMiniSSD/VibeCodingApp/HeadlessBridge
    

SwiftCompile normal arm64 Compiling\ NetworkService.swift /Users/ryanchang/MacMiniSSD/VibeCodingApp/HeadlessBridge/HeadlessBridge/Services/NetworkService.swift (in target 'HeadlessBridge' from project 'HeadlessBridge')

SwiftCompile normal arm64 /Users/ryanchang/MacMiniSSD/VibeCodingApp/HeadlessBridge/HeadlessBridge/Services/NetworkService.swift (in target 'HeadlessBridge' from project 'HeadlessBridge')
    cd /Users/ryanchang/MacMiniSSD/VibeCodingApp/HeadlessBridge
    

SwiftCompile normal arm64 Compiling\ LiquidGlassComponents.swift /Users/ryanchang/MacMiniSSD/VibeCodingApp/HeadlessBridge/HeadlessBridge/Views/LiquidGlassComponents.swift (in target 'HeadlessBridge' from project 'HeadlessBridge')

SwiftCompile normal arm64 /Users/ryanchang/MacMiniSSD/VibeCodingApp/HeadlessBridge/HeadlessBridge/Views/LiquidGlassComponents.swift (in target 'HeadlessBridge' from project 'HeadlessBridge')
    cd /Users/ryanchang/MacMiniSSD/VibeCodingApp/HeadlessBridge
    

SwiftCompile normal arm64 Compiling\ SettingsView.swift /Users/ryanchang/MacMiniSSD/VibeCodingApp/HeadlessBridge/HeadlessBridge/Views/SettingsView.swift (in target 'HeadlessBridge' from project 'HeadlessBridge')
SwiftCompile normal arm64 /Users/ryanchang/MacMiniSSD/VibeCodingApp/HeadlessBridge/HeadlessBridge/Views/SettingsView.swift (in target 'HeadlessBridge' from project 'HeadlessBridge')
    cd /Users/ryanchang/MacMiniSSD/VibeCodingApp/HeadlessBridge
    

SwiftEmitModule normal arm64 Emitting\ module\ for\ HeadlessBridge (in target 'HeadlessBridge' from project 'HeadlessBridge')
EmitSwiftModule normal arm64 (in target 'HeadlessBridge' from project 'HeadlessBridge')
    cd /Users/ryanchang/MacMiniSSD/VibeCodingApp/HeadlessBridge
    

SwiftDriverJobDiscovery normal arm64 Compiling KeychainService.swift (in target 'HeadlessBridge' from project 'HeadlessBridge')

SwiftCompile normal arm64 Compiling\ ToolboxView.swift /Users/ryanchang/MacMiniSSD/VibeCodingApp/HeadlessBridge/HeadlessBridge/Views/ToolboxView.swift (in target 'HeadlessBridge' from project 'HeadlessBridge')
Failed frontend command:
/Applications/Xcode.app/Contents/Developer/Toolchains/XcodeDefault.xctoolchain/usr/bin/swift-frontend -frontend -c /Users/ryanchang/MacMiniSSD/VibeCodingApp/HeadlessBridge/HeadlessBridge/Views/Color+ConnectionMode.swift /Users/ryanchang/MacMiniSSD/VibeCodingApp/HeadlessBridge/HeadlessBridge/ViewModels/ConnectionManager.swift /Users/ryanchang/MacMiniSSD/VibeCodingApp/HeadlessBridge/HeadlessBridge/Views/ContentView.swift /Users/ryanchang/MacMiniSSD/VibeCodingApp/HeadlessBridge/HeadlessBridge/HeadlessBridgeApp.swift /Users/ryanchang/MacMiniSSD/VibeCodingApp/HeadlessBridge/HeadlessBridge/Views/HistoryView.swift /Users/ryanchang/MacMiniSSD/VibeCodingApp/HeadlessBridge/HeadlessBridge/Views/HomeView.swift /Users/ryanchang/MacMiniSSD/VibeCodingApp/HeadlessBridge/HeadlessBridge/Services/KeychainService.swift /Users/ryanchang/MacMiniSSD/VibeCodingApp/HeadlessBridge/HeadlessBridge/Views/LiquidGlassComponents.swift /Users/ryanchang/MacMiniSSD/VibeCodingApp/HeadlessBridge/HeadlessBridge/Models/Models.swift /Users/ryanchang/MacMiniSSD/VibeCodingApp/HeadlessBridge/HeadlessBridge/Services/NetworkService.swift /Users/ryanchang/MacMiniSSD/VibeCodingApp/HeadlessBridge/HeadlessBridge/Services/SSHService.swift /Users/ryanchang/MacMiniSSD/VibeCodingApp/HeadlessBridge/HeadlessBridge/Views/SettingsView.swift /Users/ryanchang/MacMiniSSD/VibeCodingApp/HeadlessBridge/HeadlessBridge/Views/Theme.swift -primary-file /Users/ryanchang/MacMiniSSD/VibeCodingApp/HeadlessBridge/HeadlessBridge/Views/ToolboxView.swift -emit-dependencies-path /Users/ryanchang/Library/Developer/Xcode/DerivedData/HeadlessBridge-baiupzqccbbvpiebwelmalirhbnp/Build/Intermediates.noindex/HeadlessBridge.build/Debug-iphoneos/HeadlessBridge.build/Objects-normal/arm64/ToolboxView.d -emit-const-values-path /Users/ryanchang/Library/Developer/Xcode/DerivedData/HeadlessBridge-baiupzqccbbvpiebwelmalirhbnp/Build/Intermediates.noindex/HeadlessBridge.build/Debug-iphoneos/HeadlessBridge.build/Objects-normal/arm64/ToolboxView.swiftconstvalues -emit-reference-dependencies-path /Users/ryanchang/Library/Developer/Xcode/DerivedData/HeadlessBridge-baiupzqccbbvpiebwelmalirhbnp/Build/Intermediates.noindex/HeadlessBridge.build/Debug-iphoneos/HeadlessBridge.build/Objects-normal/arm64/ToolboxView.swiftdeps -serialize-diagnostics-path /Users/ryanchang/Library/Developer/Xcode/DerivedData/HeadlessBridge-baiupzqccbbvpiebwelmalirhbnp/Build/Intermediates.noindex/HeadlessBridge.build/Debug-iphoneos/HeadlessBridge.build/Objects-normal/arm64/ToolboxView.dia -target arm64-apple-ios17.0 -load-resolved-plugin /Applications/Xcode.app/Contents/Developer/Platforms/iPhoneOS.platform/Developer/usr/lib/swift/host/plugins/libFoundationMacros.dylib\#/Applications/Xcode.app/Contents/Developer/Platforms/iPhoneOS.platform/Developer/usr/bin/swift-plugin-server\#FoundationMacros -load-resolved-plugin /Applications/Xcode.app/Contents/Developer/Platforms/iPhoneOS.platform/Developer/usr/lib/swift/host/plugins/libObservationMacros.dylib\#/Applications/Xcode.app/Contents/Developer/Platforms/iPhoneOS.platform/Developer/usr/bin/swift-plugin-server\#ObservationMacros -load-resolved-plugin /Applications/Xcode.app/Contents/Developer/Platforms/iPhoneOS.platform/Developer/usr/lib/swift/host/plugins/libPreviewsMacros.dylib\#/Applications/Xcode.app/Contents/Developer/Platforms/iPhoneOS.platform/Developer/usr/bin/swift-plugin-server\#PreviewsMacros -load-resolved-plugin /Applications/Xcode.app/Contents/Developer/Platforms/iPhoneOS.platform/Developer/usr/lib/swift/host/plugins/libSwiftMacros.dylib\#/Applications/Xcode.app/Contents/Developer/Platforms/iPhoneOS.platform/Developer/usr/bin/swift-plugin-server\#SwiftMacros -load-resolved-plugin /Applications/Xcode.app/Contents/Developer/Platforms/iPhoneOS.platform/Developer/usr/lib/swift/host/plugins/libSwiftUIMacros.dylib\#/Applications/Xcode.app/Contents/Developer/Platforms/iPhoneOS.platform/Developer/usr/bin/swift-plugin-server\#SwiftUIMacros -disable-implicit-swift-modules -Xcc -fno-implicit-modules -Xcc -fno-implicit-module-maps -explicit-swift-module-map-file /Users/ryanchang/Library/Developer/Xcode/DerivedData/HeadlessBridge-baiupzqccbbvpiebwelmalirhbnp/Build/Intermediates.noindex/HeadlessBridge.build/Debug-iphoneos/HeadlessBridge.build/Objects-normal/arm64/HeadlessBridge-dependencies-1.json -Xllvm -aarch64-use-tbi -enable-objc-interop -stack-check -sdk /Applications/Xcode.app/Contents/Developer/Platforms/iPhoneOS.platform/Developer/SDKs/iPhoneOS26.2.sdk -I /Users/ryanchang/Library/Developer/Xcode/DerivedData/HeadlessBridge-baiupzqccbbvpiebwelmalirhbnp/Build/Products/Debug-iphoneos -F /Users/ryanchang/Library/Developer/Xcode/DerivedData/HeadlessBridge-baiupzqccbbvpiebwelmalirhbnp/Build/Products/Debug-iphoneos/PackageFrameworks -F /Users/ryanchang/Library/Developer/Xcode/DerivedData/HeadlessBridge-baiupzqccbbvpiebwelmalirhbnp/Build/Products/Debug-iphoneos/PackageFrameworks -F /Users/ryanchang/Library/Developer/Xcode/DerivedData/HeadlessBridge-baiupzqccbbvpiebwelmalirhbnp/Build/Products/Debug-iphoneos/PackageFrameworks -F /Users/ryanchang/Library/Developer/Xcode/DerivedData/HeadlessBridge-baiupzqccbbvpiebwelmalirhbnp/Build/Products/Debug-iphoneos/PackageFrameworks -F /Users/ryanchang/Library/Developer/Xcode/DerivedData/HeadlessBridge-baiupzqccbbvpiebwelmalirhbnp/Build/Products/Debug-iphoneos/PackageFrameworks -F /Users/ryanchang/Library/Developer/Xcode/DerivedData/HeadlessBridge-baiupzqccbbvpiebwelmalirhbnp/Build/Products/Debug-iphoneos/PackageFrameworks -F /Users/ryanchang/Library/Developer/Xcode/DerivedData/HeadlessBridge-baiupzqccbbvpiebwelmalirhbnp/Build/Products/Debug-iphoneos/PackageFrameworks -F /Users/ryanchang/Library/Developer/Xcode/DerivedData/HeadlessBridge-baiupzqccbbvpiebwelmalirhbnp/Build/Products/Debug-iphoneos/PackageFrameworks -F /Users/ryanchang/Library/Developer/Xcode/DerivedData/HeadlessBridge-baiupzqccbbvpiebwelmalirhbnp/Build/Products/Debug-iphoneos/PackageFrameworks -F /Users/ryanchang/Library/Developer/Xcode/DerivedData/HeadlessBridge-baiupzqccbbvpiebwelmalirhbnp/Build/Products/Debug-iphoneos/PackageFrameworks -F /Users/ryanchang/Library/Developer/Xcode/DerivedData/HeadlessBridge-baiupzqccbbvpiebwelmalirhbnp/Build/Products/Debug-iphoneos/PackageFrameworks -F /Users/ryanchang/Library/Developer/Xcode/DerivedData/HeadlessBridge-baiupzqccbbvpiebwelmalirhbnp/Build/Products/Debug-iphoneos/PackageFrameworks -F /Users/ryanchang/Library/Developer/Xcode/DerivedData/HeadlessBridge-baiupzqccbbvpiebwelmalirhbnp/Build/Products/Debug-iphoneos/PackageFrameworks -F /Users/ryanchang/Library/Developer/Xcode/DerivedData/HeadlessBridge-baiupzqccbbvpiebwelmalirhbnp/Build/Products/Debug-iphoneos/PackageFrameworks -F /Users/ryanchang/Library/Developer/Xcode/DerivedData/HeadlessBridge-baiupzqccbbvpiebwelmalirhbnp/Build/Products/Debug-iphoneos/PackageFrameworks -F /Users/ryanchang/Library/Developer/Xcode/DerivedData/HeadlessBridge-baiupzqccbbvpiebwelmalirhbnp/Build/Products/Debug-iphoneos/PackageFrameworks -F /Users/ryanchang/Library/Developer/Xcode/DerivedData/HeadlessBridge-baiupzqccbbvpiebwelmalirhbnp/Build/Products/Debug-iphoneos/PackageFrameworks -F /Users/ryanchang/Library/Developer/Xcode/DerivedData/HeadlessBridge-baiupzqccbbvpiebwelmalirhbnp/Build/Products/Debug-iphoneos/PackageFrameworks -F /Users/ryanchang/Library/Developer/Xcode/DerivedData/HeadlessBridge-baiupzqccbbvpiebwelmalirhbnp/Build/Products/Debug-iphoneos/PackageFrameworks -F /Users/ryanchang/Library/Developer/Xcode/DerivedData/HeadlessBridge-baiupzqccbbvpiebwelmalirhbnp/Build/Products/Debug-iphoneos/PackageFrameworks -F /Users/ryanchang/Library/Developer/Xcode/DerivedData/HeadlessBridge-baiupzqccbbvpiebwelmalirhbnp/Build/Products/Debug-iphoneos/PackageFrameworks -F /Users/ryanchang/Library/Developer/Xcode/DerivedData/HeadlessBridge-baiupzqccbbvpiebwelmalirhbnp/Build/Products/Debug-iphoneos/PackageFrameworks -F /Users/ryanchang/Library/Developer/Xcode/DerivedData/HeadlessBridge-baiupzqccbbvpiebwelmalirhbnp/Build/Products/Debug-iphoneos/PackageFrameworks -F /Users/ryanchang/Library/Developer/Xcode/DerivedData/HeadlessBridge-baiupzqccbbvpiebwelmalirhbnp/Build/Products/Debug-iphoneos/PackageFrameworks -F /Users/ryanchang/Library/Developer/Xcode/DerivedData/HeadlessBridge-baiupzqccbbvpiebwelmalirhbnp/Build/Products/Debug-iphoneos/PackageFrameworks -F /Users/ryanchang/Library/Developer/Xcode/DerivedData/HeadlessBridge-baiupzqccbbvpiebwelmalirhbnp/Build/Products/Debug-iphoneos/PackageFrameworks -F /Users/ryanchang/Library/Developer/Xcode/DerivedData/HeadlessBridge-baiupzqccbbvpiebwelmalirhbnp/Build/Products/Debug-iphoneos/PackageFrameworks -F /Users/ryanchang/Library/Developer/Xcode/DerivedData/HeadlessBridge-baiupzqccbbvpiebwelmalirhbnp/Build/Products/Debug-iphoneos/PackageFrameworks -F /Users/ryanchang/Library/Developer/Xcode/DerivedData/HeadlessBridge-baiupzqccbbvpiebwelmalirhbnp/Build/Products/Debug-iphoneos/PackageFrameworks -F /Users/ryanchang/Library/Developer/Xcode/DerivedData/HeadlessBridge-baiupzqccbbvpiebwelmalirhbnp/Build/Products/Debug-iphoneos/PackageFrameworks -F /Users/ryanchang/Library/Developer/Xcode/DerivedData/HeadlessBridge-baiupzqccbbvpiebwelmalirhbnp/Build/Products/Debug-iphoneos -no-color-diagnostics -Xcc -fno-color-diagnostics -enable-testing -g -debug-info-format\=dwarf -dwarf-version\=4 -module-cache-path /Users/ryanchang/Library/Developer/Xcode/DerivedData/HeadlessBridge-baiupzqccbbvpiebwelmalirhbnp/Build/Intermediates.noindex/SwiftExplicitPrecompiledModules -swift-version 5 -enforce-exclusivity\=checked -Onone -D DEBUG -serialize-debugging-options -const-gather-protocols-file /Users/ryanchang/Library/Developer/Xcode/DerivedData/HeadlessBridge-baiupzqccbbvpiebwelmalirhbnp/Build/Intermediates.noindex/HeadlessBridge.build/Debug-iphoneos/HeadlessBridge.build/Objects-normal/arm64/HeadlessBridge_const_extract_protocols.json -enable-experimental-feature DebugDescriptionMacro -enable-bare-slash-regex -empty-abi-descriptor -validate-clang-modules-once -clang-build-session-file /Users/ryanchang/Library/Developer/Xcode/DerivedData/ModuleCache.noindex/Session.modulevalidation -Xcc -working-directory -Xcc /Users/ryanchang/MacMiniSSD/VibeCodingApp/HeadlessBridge -enable-anonymous-context-mangled-names -file-compilation-dir /Users/ryanchang/MacMiniSSD/VibeCodingApp/HeadlessBridge -Xcc -fmodule-map-file\=/Users/ryanchang/Library/Developer/Xcode/DerivedData/HeadlessBridge-baiupzqccbbvpiebwelmalirhbnp/Build/Intermediates.noindex/GeneratedModuleMaps-iphoneos/CNIOPosix.modulemap -Xcc -fmodule-map-file\=/Users/ryanchang/Library/Developer/Xcode/DerivedData/HeadlessBridge-baiupzqccbbvpiebwelmalirhbnp/Build/Intermediates.noindex/GeneratedModuleMaps-iphoneos/CNIOWASI.modulemap -Xcc -fmodule-map-file\=/Users/ryanchang/Library/Developer/Xcode/DerivedData/HeadlessBridge-baiupzqccbbvpiebwelmalirhbnp/Build/Intermediates.noindex/GeneratedModuleMaps-iphoneos/CNIOLinux.modulemap -Xcc -fmodule-map-file\=/Users/ryanchang/Library/Developer/Xcode/DerivedData/HeadlessBridge-baiupzqccbbvpiebwelmalirhbnp/Build/Intermediates.noindex/GeneratedModuleMaps-iphoneos/CNIODarwin.modulemap -Xcc -fmodule-map-file\=/Users/ryanchang/Library/Developer/Xcode/DerivedData/HeadlessBridge-baiupzqccbbvpiebwelmalirhbnp/Build/Intermediates.noindex/GeneratedModuleMaps-iphoneos/CNIOOpenBSD.modulemap -Xcc -fmodule-map-file\=/Users/ryanchang/Library/Developer/Xcode/DerivedData/HeadlessBridge-baiupzqccbbvpiebwelmalirhbnp/Build/Intermediates.noindex/GeneratedModuleMaps-iphoneos/CNIOAtomics.modulemap -Xcc -D_LIBCPP_HARDENING_MODE\=_LIBCPP_HARDENING_MODE_DEBUG -Xcc -ivfsstatcache -Xcc /Users/ryanchang/Library/Developer/Xcode/DerivedData/SDKStatCaches.noindex/iphoneos26.2-23C53-3794476bd08197c3e2abd9bb477ef7f7.sdkstatcache -Xcc -I/Users/ryanchang/Library/Developer/Xcode/DerivedData/HeadlessBridge-baiupzqccbbvpiebwelmalirhbnp/Build/Intermediates.noindex/HeadlessBridge.build/Debug-iphoneos/HeadlessBridge.build/swift-overrides.hmap -Xcc -iquote -Xcc /Users/ryanchang/Library/Developer/Xcode/DerivedData/HeadlessBridge-baiupzqccbbvpiebwelmalirhbnp/Build/Intermediates.noindex/HeadlessBridge.build/Debug-iphoneos/HeadlessBridge.build/HeadlessBridge-generated-files.hmap -Xcc -I/Users/ryanchang/Library/Developer/Xcode/DerivedData/HeadlessBridge-baiupzqccbbvpiebwelmalirhbnp/Build/Intermediates.noindex/HeadlessBridge.build/Debug-iphoneos/HeadlessBridge.build/HeadlessBridge-own-target-headers.hmap -Xcc -I/Users/ryanchang/Library/Developer/Xcode/DerivedData/HeadlessBridge-baiupzqccbbvpiebwelmalirhbnp/Build/Intermediates.noindex/HeadlessBridge.build/Debug-iphoneos/HeadlessBridge.build/HeadlessBridge-all-non-framework-target-headers.hmap -Xcc -ivfsoverlay -Xcc /Users/ryanchang/Library/Developer/Xcode/DerivedData/HeadlessBridge-baiupzqccbbvpiebwelmalirhbnp/Build/Intermediates.noindex/HeadlessBridge.build/Debug-iphoneos/HeadlessBridge-d69d8bfd11b40e5b0c7ac14e5530a595-VFS-iphoneos/all-product-headers.yaml -Xcc -iquote -Xcc /Users/ryanchang/Library/Developer/Xcode/DerivedData/HeadlessBridge-baiupzqccbbvpiebwelmalirhbnp/Build/Intermediates.noindex/HeadlessBridge.build/Debug-iphoneos/HeadlessBridge.build/HeadlessBridge-project-headers.hmap -Xcc -I/Users/ryanchang/Library/Developer/Xcode/DerivedData/HeadlessBridge-baiupzqccbbvpiebwelmalirhbnp/SourcePackages/checkouts/swift-nio/Sources/CNIOPosix/include -Xcc -I/Users/ryanchang/Library/Developer/Xcode/DerivedData/HeadlessBridge-baiupzqccbbvpiebwelmalirhbnp/SourcePackages/checkouts/swift-nio/Sources/CNIOWASI/include -Xcc -I/Users/ryanchang/Library/Developer/Xcode/DerivedData/HeadlessBridge-baiupzqccbbvpiebwelmalirhbnp/SourcePackages/checkouts/swift-nio/Sources/CNIOWindows/include -Xcc -I/Users/ryanchang/Library/Developer/Xcode/DerivedData/HeadlessBridge-baiupzqccbbvpiebwelmalirhbnp/SourcePackages/checkouts/swift-nio/Sources/CNIOLinux/include -Xcc -I/Users/ryanchang/Library/Developer/Xcode/DerivedData/HeadlessBridge-baiupzqccbbvpiebwelmalirhbnp/SourcePackages/checkouts/swift-nio/Sources/CNIODarwin/include -Xcc -I/Users/ryanchang/Library/Developer/Xcode/DerivedData/HeadlessBridge-baiupzqccbbvpiebwelmalirhbnp/SourcePackages/checkouts/swift-nio/Sources/CNIOOpenBSD/include -Xcc -I/Users/ryanchang/Library/Developer/Xcode/DerivedData/HeadlessBridge-baiupzqccbbvpiebwelmalirhbnp/SourcePackages/checkouts/swift-nio/Sources/CNIOAtomics/include -Xcc -I/Users/ryanchang/Library/Developer/Xcode/DerivedData/HeadlessBridge-baiupzqccbbvpiebwelmalirhbnp/SourcePackages/checkouts/swift-atomics/Sources/_AtomicsShims/include -Xcc -I/Users/ryanchang/Library/Developer/Xcode/DerivedData/HeadlessBridge-baiupzqccbbvpiebwelmalirhbnp/SourcePackages/checkouts/swift-crypto/Sources/CCryptoBoringSSLShims/include -Xcc -I/Users/ryanchang/Library/Developer/Xcode/DerivedData/HeadlessBridge-baiupzqccbbvpiebwelmalirhbnp/SourcePackages/checkouts/swift-crypto/Sources/CCryptoBoringSSL/include -Xcc -I/Users/ryanchang/Library/Developer/Xcode/DerivedData/HeadlessBridge-baiupzqccbbvpiebwelmalirhbnp/SourcePackages/checkouts/Citadel/Sources/CCitadelBcrypt/include -Xcc -I/Users/ryanchang/Library/Developer/Xcode/DerivedData/HeadlessBridge-baiupzqccbbvpiebwelmalirhbnp/Build/Products/Debug-iphoneos/include -Xcc -I/Users/ryanchang/Library/Developer/Xcode/DerivedData/HeadlessBridge-baiupzqccbbvpiebwelmalirhbnp/Build/Intermediates.noindex/HeadlessBridge.build/Debug-iphoneos/HeadlessBridge.build/DerivedSources-normal/arm64 -Xcc -I/Users/ryanchang/Library/Developer/Xcode/DerivedData/HeadlessBridge-baiupzqccbbvpiebwelmalirhbnp/Build/Intermediates.noindex/HeadlessBridge.build/Debug-iphoneos/HeadlessBridge.build/DerivedSources/arm64 -Xcc -I/Users/ryanchang/Library/Developer/Xcode/DerivedData/HeadlessBridge-baiupzqccbbvpiebwelmalirhbnp/Build/Intermediates.noindex/HeadlessBridge.build/Debug-iphoneos/HeadlessBridge.build/DerivedSources -Xcc -DDEBUG\=1 -no-auto-bridging-header-chaining -module-name HeadlessBridge -frontend-parseable-output -disable-clang-spi -target-sdk-version 26.2 -target-sdk-name iphoneos26.2 -clang-target arm64-apple-ios26.2 -in-process-plugin-server-path /Applications/Xcode.app/Contents/Developer/Toolchains/XcodeDefault.xctoolchain/usr/lib/swift/host/libSwiftInProcPluginServer.dylib -o /Users/ryanchang/Library/Developer/Xcode/DerivedData/HeadlessBridge-baiupzqccbbvpiebwelmalirhbnp/Build/Intermediates.noindex/HeadlessBridge.build/Debug-iphoneos/HeadlessBridge.build/Objects-normal/arm64/ToolboxView.o -index-unit-output-path /HeadlessBridge.build/Debug-iphoneos/HeadlessBridge.build/Objects-normal/arm64/ToolboxView.o -index-store-path /Users/ryanchang/Library/Developer/Xcode/DerivedData/HeadlessBridge-baiupzqccbbvpiebwelmalirhbnp/Index.noindex/DataStore -index-system-modules

SwiftCompile normal arm64 /Users/ryanchang/MacMiniSSD/VibeCodingApp/HeadlessBridge/HeadlessBridge/Views/ToolboxView.swift (in target 'HeadlessBridge' from project 'HeadlessBridge')
    cd /Users/ryanchang/MacMiniSSD/VibeCodingApp/HeadlessBridge
    
/Users/ryanchang/MacMiniSSD/VibeCodingApp/HeadlessBridge/HeadlessBridge/Views/ToolboxView.swift:47:25: error: cannot find 'UserManualView' in scope
                        UserManualView()
                        ^~~~~~~~~~~~~~

SwiftDriverJobDiscovery normal arm64 Compiling LiquidGlassComponents.swift (in target 'HeadlessBridge' from project 'HeadlessBridge')

SwiftCompile normal arm64 Compiling\ Theme.swift /Users/ryanchang/MacMiniSSD/VibeCodingApp/HeadlessBridge/HeadlessBridge/Views/Theme.swift (in target 'HeadlessBridge' from project 'HeadlessBridge')

SwiftCompile normal arm64 /Users/ryanchang/MacMiniSSD/VibeCodingApp/HeadlessBridge/HeadlessBridge/Views/Theme.swift (in target 'HeadlessBridge' from project 'HeadlessBridge')
    cd /Users/ryanchang/MacMiniSSD/VibeCodingApp/HeadlessBridge
    

SwiftDriverJobDiscovery normal arm64 Compiling Models.swift (in target 'HeadlessBridge' from project 'HeadlessBridge')

SwiftDriverJobDiscovery normal arm64 Compiling NetworkService.swift (in target 'HeadlessBridge' from project 'HeadlessBridge')

SwiftDriverJobDiscovery normal arm64 Compiling SSHService.swift (in target 'HeadlessBridge' from project 'HeadlessBridge')

SwiftDriverJobDiscovery normal arm64 Compiling Theme.swift (in target 'HeadlessBridge' from project 'HeadlessBridge')

SwiftDriverJobDiscovery normal arm64 Compiling Color+ConnectionMode.swift, ConnectionManager.swift (in target 'HeadlessBridge' from project 'HeadlessBridge')

** BUILD FAILED **


The following build commands failed:
	SwiftCompile normal arm64 Compiling\ ToolboxView.swift /Users/ryanchang/MacMiniSSD/VibeCodingApp/HeadlessBridge/HeadlessBridge/Views/ToolboxView.swift (in target 'HeadlessBridge' from project 'HeadlessBridge')
	SwiftCompile normal arm64 /Users/ryanchang/MacMiniSSD/VibeCodingApp/HeadlessBridge/HeadlessBridge/Views/ToolboxView.swift (in target 'HeadlessBridge' from project 'HeadlessBridge')
	Building project HeadlessBridge with scheme HeadlessBridge
(3 failures)
